Component: ARM Compiler 5.06 update 1 (build 61) Tool: armlink [4d35a8]

==============================================================================

Section Cross References

    main.o(.text) refers to delay.o(.text) for delay_init
    main.o(.text) refers to led.o(.text) for LED_Init
    main.o(.text) refers to key.o(.text) for KEY_Init
    main.o(.text) refers to ste_motor.o(.text) for TIM3_Init
    main.o(.text) refers to motor.o(.text) for TIM1_Init
    main.o(.text) refers to usart.o(.text) for uart_init
    main.o(.text) refers to pid.o(.text) for PID_LSencer_Init
    main.o(.text) refers to mpu6050.o(.text) for MPU_Init
    main.o(.text) refers to noretval__2printf.o(.text) for __2printf
    main.o(.text) refers to inv_mpu.o(.text) for mpu_dmp_init
    main.o(.text) refers to time5.o(.text) for TIM5_init
    main.o(.text) refers to oled.o(.text) for OLED_Init
    main.o(.text) refers to ffix.o(x$fpl$ffix) for __aeabi_f2iz
    main.o(.text) refers to ffixu.o(x$fpl$ffixu) for __aeabi_f2uiz
    main.o(.text) refers to fmul.o(x$fpl$fmul) for __aeabi_fmul
    main.o(.text) refers to main.o(.data) for Tarroll
    main.o(.text) refers to pid.o(.bss) for LSencer
    main.o(.text) refers to time5.o(.data) for Curpitch
    system_stm32f10x.o(.text) refers to system_stm32f10x.o(.data) for SystemCoreClock
    led.o(.text) refers to stm32f10x_rcc.o(.text) for RCC_APB2PeriphClockCmd
    led.o(.text) refers to stm32f10x_gpio.o(.text) for GPIO_Init
    key.o(.text) refers to stm32f10x_rcc.o(.text) for RCC_APB2PeriphClockCmd
    key.o(.text) refers to stm32f10x_gpio.o(.text) for GPIO_Init
    key.o(.text) refers to delay.o(.text) for delay_ms
    key.o(.text) refers to key.o(.data) for key_up
    ste_motor.o(.text) refers to stm32f10x_rcc.o(.text) for RCC_APB1PeriphClockCmd
    ste_motor.o(.text) refers to stm32f10x_gpio.o(.text) for GPIO_Init
    ste_motor.o(.text) refers to stm32f10x_tim.o(.text) for TIM_TimeBaseInit
    oled.o(.text) refers to delay.o(.text) for delay_us
    oled.o(.text) refers to stm32f10x_rcc.o(.text) for RCC_APB2PeriphClockCmd
    oled.o(.text) refers to stm32f10x_gpio.o(.text) for GPIO_Init
    oled.o(.text) refers to oled.o(.constdata) for F6x8
    oled.o(.text) refers to oled.o(.data) for F16x16
    motor.o(.text) refers to stm32f10x_rcc.o(.text) for RCC_APB2PeriphClockCmd
    motor.o(.text) refers to stm32f10x_gpio.o(.text) for GPIO_Init
    motor.o(.text) refers to stm32f10x_tim.o(.text) for TIM_TimeBaseInit
    mcudatasend.o(.text) refers to _printf_percent.o(.ARM.Collect$$_printf_percent$$00000000) for _printf_percent
    mcudatasend.o(.text) refers to _printf_c.o(.ARM.Collect$$_printf_percent$$00000013) for _printf_c
    mcudatasend.o(.text) refers to _printf_str.o(.text) for _printf_str
    mcudatasend.o(.text) refers to stm32f10x_usart.o(.text) for USART_SendData
    mcudatasend.o(.text) refers to noretval__2printf.o(.text) for __2printf
    mpu6050.o(.text) refers to mpuiic.o(.text) for MPU_IIC_Start
    mpu6050.o(.text) refers to stm32f10x_rcc.o(.text) for RCC_APB2PeriphClockCmd
    mpu6050.o(.text) refers to stm32f10x_gpio.o(.text) for GPIO_Init
    mpu6050.o(.text) refers to delay.o(.text) for delay_ms
    mpu6050.o(.text) refers to dflt_clz.o(x$fpl$dflt) for __aeabi_i2d
    mpu6050.o(.text) refers to ddiv.o(x$fpl$ddiv) for __aeabi_ddiv
    mpu6050.o(.text) refers to daddsub_clz.o(x$fpl$dadd) for __aeabi_dadd
    mpu6050.o(.text) refers to d2f.o(x$fpl$d2f) for __aeabi_d2f
    mpu6050.o(.text) refers to fmul.o(x$fpl$fmul) for __aeabi_fmul
    mpu6050.o(.text) refers to ffix.o(x$fpl$ffix) for __aeabi_f2iz
    mpuiic.o(.text) refers to delay.o(.text) for delay_us
    mpuiic.o(.text) refers to stm32f10x_rcc.o(.text) for RCC_APB2PeriphClockCmd
    mpuiic.o(.text) refers to stm32f10x_gpio.o(.text) for GPIO_Init
    inv_mpu.o(.text) refers to _printf_pad.o(.text) for _printf_pre_padding
    inv_mpu.o(.text) refers to _printf_percent.o(.ARM.Collect$$_printf_percent$$00000000) for _printf_percent
    inv_mpu.o(.text) refers to _printf_x.o(.ARM.Collect$$_printf_percent$$0000000C) for _printf_x
    inv_mpu.o(.text) refers to _printf_hex_int.o(.text) for _printf_longlong_hex
    inv_mpu.o(.text) refers to _printf_d.o(.ARM.Collect$$_printf_percent$$00000009) for _printf_d
    inv_mpu.o(.text) refers to _printf_dec.o(.text) for _printf_int_dec
    inv_mpu.o(.text) refers to mpu6050.o(.text) for MPU_Write_Len
    inv_mpu.o(.text) refers to noretval__2printf.o(.text) for __2printf
    inv_mpu.o(.text) refers to delay.o(.text) for delay_ms
    inv_mpu.o(.text) refers to inv_mpu.o(.data) for st
    inv_mpu.o(.text) refers to fflt_clz.o(x$fpl$ffltu) for __aeabi_ui2f
    inv_mpu.o(.text) refers to fflt_clz.o(x$fpl$fflt) for __aeabi_i2f
    inv_mpu.o(.text) refers to faddsub_clz.o(x$fpl$fsub) for __aeabi_fsub
    inv_mpu.o(.text) refers to fdiv.o(x$fpl$fdiv) for __aeabi_fdiv
    inv_mpu.o(.text) refers to faddsub_clz.o(x$fpl$fadd) for __aeabi_fadd
[...]
    uc_hextab                                0x08009eaa   Data          20  _printf_hex_int.o(.constdata)
    lc_hextab                                0x08009ebe   Data          20  _printf_hex_int.o(.constdata)
    .constdata                               0x08009ed2   Section       17  __printf_flags_wp.o(.constdata)
    maptable                                 0x08009ed2   Data          17  __printf_flags_wp.o(.constdata)
    .constdata                               0x08009ee8   Section       80  asin.o(.constdata)
    pS                                       0x08009ee8   Data          48  asin.o(.constdata)
    qS                                       0x08009f18   Data          32  asin.o(.constdata)
    .constdata                               0x08009f38   Section      152  atan.o(.constdata)
    atanhi                                   0x08009f38   Data          32  atan.o(.constdata)
    atanlo                                   0x08009f58   Data          32  atan.o(.constdata)
    aTodd                                    0x08009f78   Data          40  atan.o(.constdata)
    aTeven                                   0x08009fa0   Data          48  atan.o(.constdata)
    .constdata                               0x08009fd0   Section        8  qnan.o(.constdata)
    .conststring                             0x08009fd8   Section       77  inv_mpu.o(.conststring)
    .data                                    0x20000000   Section        9  main.o(.data)
    .data                                    0x2000000c   Section       20  system_stm32f10x.o(.data)
    .data                                    0x20000020   Section        1  key.o(.data)
    key_up                                   0x20000020   Data           1  key.o(.data)
    .data                                    0x20000021   Section      160  oled.o(.data)
    .data                                    0x200000c4   Section       53  inv_mpu.o(.data)
    st                                       0x200000c4   Data          44  inv_mpu.o(.data)
    gyro_orientation                         0x200000f0   Data           9  inv_mpu.o(.data)
    .data                                    0x200000fa   Section        4  delay.o(.data)
    fac_us                                   0x200000fa   Data           1  delay.o(.data)
    fac_ms                                   0x200000fc   Data           2  delay.o(.data)
    .data                                    0x20000100   Section        6  usart.o(.data)
    .data                                    0x20000108   Section       12  time5.o(.data)
    LPwmOut                                  0x20000110   Data           2  time5.o(.data)
    RPwmOut                                  0x20000112   Data           2  time5.o(.data)
    .data                                    0x20000114   Section       20  stm32f10x_rcc.o(.data)
    APBAHBPrescTable                         0x20000114   Data          16  stm32f10x_rcc.o(.data)
    ADCPrescTable                            0x20000124   Data           4  stm32f10x_rcc.o(.data)
    .bss                                     0x20000128   Section       16  inv_mpu_dmp_motion_driver.o(.bss)
    dmp                                      0x20000128   Data          16  inv_mpu_dmp_motion_driver.o(.bss)
    .bss                                     0x20000138   Section       80  pid.o(.bss)
    .bss                                     0x20000188   Section      200  usart.o(.bss)
    .bss                                     0x20000250   Section       96  libspace.o(.bss)
    HEAP                                     0x200002b0   Section      512  startup_stm32f10x_hd.o(HEAP)
    Heap_Mem                                 0x200002b0   Data         512  startup_stm32f10x_hd.o(HEAP)
    STACK                                    0x200004b0   Section     1024  startup_stm32f10x_hd.o(STACK)
    Stack_Mem                                0x200004b0   Data        1024  startup_stm32f10x_hd.o(STACK)
    __initial_sp                             0x200008b0   Data           0  startup_stm32f10x_hd.o(STACK)

    Global Symbols

    Symbol Name                              Value     Ov Type        Size  Object(Section)

    BuildAttributes$$THM_ISAv4$P$D$K$B$S$PE$A:L22UL41UL21$X:L11$S22US41US21$IEEE1$IW$USESV6$~STKCKD$USESV7$~SHL$OTIME$ROPI$IEEEX$EBA8$UX$STANDARDLIB$REQ8$PRES8$EABIv2 0x00000000   Number         0  anon$$obj.o ABSOLUTE
    __ARM_use_no_argv                        0x00000000   Number         0  main.o ABSOLUTE
    _printf_flags                            0x00000000   Number         0  printf_stubs.o ABSOLUTE
    _printf_return_value                     0x00000000   Number         0  printf_stubs.o ABSOLUTE
    _printf_sizespec                         0x00000000   Number         0  printf_stubs.o ABSOLUTE
    _printf_widthprec                        0x00000000   Number         0  printf_stubs.o ABSOLUTE
    __ARM_exceptions_init                     - Undefined Weak Reference
    __alloca_initialize                       - Undefined Weak Reference
    __arm_preinit_                            - Undefined Weak Reference
    __cpp_initialize__aeabi_                  - Undefined Weak Reference
    __cxa_finalize                            - Undefined Weak Reference
    __rt_locale                               - Undefined Weak Reference
    __sigvec_lookup                           - Undefined Weak Reference
    _atexit_init                              - Undefined Weak Reference
    _call_atexit_fns                          - Undefined Weak Reference
    _clock_init                               - Undefined Weak Reference
    _fp_trap_init                             - Undefined Weak Reference
    _fp_trap_shutdown                         - Undefined Weak Reference
    _get_lc_collate                           - Undefined Weak Reference
    _get_lc_ctype                             - Undefined Weak Reference
    _get_lc_monetary                          - Undefined Weak Reference
    _get_lc_numeric                           - Undefined Weak Reference
    _get_lc_time                              - Undefined Weak Reference
    _getenv_init                              - Undefined Weak Reference
    _handle_redirection                       - Undefined Weak Reference
    _init_alloc                               - Undefined Weak Reference
    _init_user_alloc                          - Undefined Weak Reference
    _initio                                   - Undefined Weak Reference
    _mutex_acquire                            - Undefined Weak Reference
    _mutex_release                            - Undefined Weak Reference
    _printf_mbtowc                            - Undefined Weak Reference
    _printf_truncate_signed                   - Undefined Weak Reference
    _printf_truncate_unsigned                 - Undefined Weak Reference
    _rand_init                                - Undefined Weak Reference
    _signal_finish                            - Undefined Weak Reference
    _signal_init                              - Undefined Weak Reference
    _terminate_alloc                          - Undefined Weak Reference
    _terminate_user_alloc                     - Undefined Weak Reference
    _terminateio                              - Undefined Weak Reference
    __Vectors_Size                           0x00000130   Number         0  startup_stm32f10x_hd.o ABSOLUTE
    __Vectors                                0x08000000   Data           4  startup_stm32f10x_hd.o(RESET)
    __Vectors_End                            0x08000130   Data           0  startup_stm32f10x_hd.o(RESET)
    __main                                   0x08000131   Thumb Code     8  __main.o(!!!main)
    __scatterload                            0x08000139   Thumb Code     0  __scatter.o(!!!scatter)
    __scatterload_rt2                        0x08000139   Thumb Code    44  __scatter.o(!!!scatter)
    __scatterload_rt2_thumb_only             0x08000139   Thumb Code     0  __scatter.o(!!!scatter)
    __scatterload_null                       0x08000147   Thumb Code     0  __scatter.o(!!!scatter)
    __scatterload_copy                       0x0800016d   Thumb Code    26  __scatter_copy.o(!!handler_copy)
    __scatterload_zeroinit                   0x08000189   Thumb Code    28  __scatter_zi.o(!!handler_zi)
    _printf_d                                0x080001a5   Thumb Code     0  _printf_d.o(.ARM.Collect$$_printf_percent$$00000009)
    _printf_percent                          0x080001a5   Thumb Code     0  _printf_percent.o(.ARM.Collect$$_printf_percent$$00000000)
    _printf_x                                0x080001ab   Thumb Code     0  _printf_x.o(.ARM.Collect$$_printf_percent$$0000000C)
    _printf_c                                0x080001b1   Thumb Code     0  _printf_c.o(.ARM.Collect$$_printf_percent$$00000013)
    _printf_percent_end                      0x080001b7   Thumb Code     0  _printf_percent_end.o(.ARM.Collect$$_printf_percent$$00000017)
    __rt_lib_init                            0x080001bb   Thumb Code     0  libinit.o(.ARM.Collect$$libinit$$00000000)
    __rt_lib_init_alloca_1                   0x080001bd   Thumb Code     0  libinit2.o(.ARM.Collect$$libinit$$0000002E)
    __rt_lib_init_argv_1                     0x080001bd   Thumb Code     0  libinit2.o(.ARM.Collect$$libinit$$0000002C)
    __rt_lib_init_atexit_1                   0x080001bd   Thumb Code     0  libinit2.o(.ARM.Collect$$libinit$$0000001B)
    __rt_lib_init_clock_1                    0x080001bd   Thumb Code     0  libinit2.o(.ARM.Collect$$libinit$$00000021)
    __rt_lib_init_cpp_1                      0x080001bd   Thumb Code     0  libinit2.o(.ARM.Collect$$libinit$$00000032)
    __rt_lib_init_exceptions_1               0x080001bd   Thumb Code     0  libinit2.o(.ARM.Collect$$libinit$$00000030)
    __rt_lib_init_fp_1                       0x080001bd   Thumb Code     0  libinit2.o(.ARM.Collect$$libinit$$00000002)
    __rt_lib_init_fp_trap_1                  0x080001bd   Thumb Code     0  libinit2.o(.ARM.Collect$$libinit$$0000001F)
    __rt_lib_init_getenv_1                   0x080001bd   Thumb Code     0  libinit2.o(.ARM.Collect$$libinit$$00000023)
    __rt_lib_init_heap_1                     0x080001bd   Thumb Code     0  libinit2.o(.ARM.Collect$$libinit$$0000000A)
    __rt_lib_init_lc_collate_1               0x080001bd   Thumb Code     0  libinit2.o(.ARM.Collect$$libinit$$00000011)
    __rt_lib_init_lc_ctype_1                 0x080001bd   Thumb Code     0  libinit2.o(.ARM.Collect$$libinit$$00000013)
    __rt_lib_init_lc_monetary_1              0x080001bd   Thumb Code     0  libinit2.o(.ARM.Collect$$libinit$$00000015)
    __rt_lib_init_lc_numeric_1               0x080001bd   Thumb Code     0  libinit2.o(.ARM.Collect$$libinit$$00000017)
    __rt_lib_init_lc_time_1                  0x080001bd   Thumb Code     0  libinit2.o(.ARM.Collect$$libinit$$00000019)
    __rt_lib_init_preinit_1                  0x080001bd   Thumb Code     0  libinit2.o(.ARM.Collect$$libinit$$00000004)
    __rt_lib_init_rand_1                     0x080001bd   Thumb Code     0  libinit2.o(.ARM.Collect$$libinit$$0000000E)
    __rt_lib_init_return                     0x080001bd   Thumb Code     0  libinit2.o(.ARM.Collect$$libinit$$00000033)
    __rt_lib_init_signal_1                   0x080001bd   Thumb Code     0  libinit2.o(.ARM.Collect$$libinit$$0000001D)
    __rt_lib_init_stdio_1                    0x080001bd   Thumb Code     0  libinit2.o(.ARM.Collect$$libinit$$00000025)
    __rt_lib_init_user_alloc_1               0x080001bd   Thumb Code     0  libinit2.o(.ARM.Collect$$libinit$$0000000C)
    __rt_lib_shutdown                        0x080001bf   Thumb Code     0  libshutdown.o(.ARM.Collect$$libshutdown$$00000000)
    __rt_lib_shutdown_cpp_1                  0x080001c1   Thumb Code     0  libshutdown2.o(.ARM.Collect$$libshutdown$$00000002)
    __rt_lib_shutdown_fp_trap_1              0x080001c1   Thumb Code     0  libshutdown2.o(.ARM.Collect$$libshutdown$$00000007)
    __rt_lib_shutdown_heap_1                 0x080001c1   Thumb Code     0  libshutdown2.o(.ARM.Collect$$libshutdown$$0000000F)
    __rt_lib_shutdown_return                 0x080001c1   Thumb Code     0  libshutdown2.o(.ARM.Collect$$libshutdown$$00000010)
    __rt_lib_shutdown_signal_1               0x080001c1   Thumb Code     0  libshutdown2.o(.ARM.Collect$$libshutdown$$0000000A)
    __rt_lib_shutdown_stdio_1                0x080001c1   Thumb Code     0  libshutdown2.o(.ARM.Collect$$libshutdown$$00000004)
    __rt_lib_shutdown_user_alloc_1           0x080001c1   Thumb Code     0  libshutdown2.o(.ARM.Collect$$libshutdown$$0000000C)
    __rt_entry                               0x080001c3   Thumb Code     0  __rtentry.o(.ARM.Collect$$rtentry$$00000000)
    __rt_entry_presh_1                       0x080001c3   Thumb Code     0  __rtentry2.o(.ARM.Collect$$rtentry$$00000002)
    __rt_entry_sh                            0x080001c3   Thumb Code     0  __rtentry4.o(.ARM.Collect$$rtentry$$00000004)
    __rt_entry_li                            0x080001c9   Thumb Code     0  __rtentry2.o(.ARM.Collect$$rtentry$$0000000A)
    __rt_entry_postsh_1                      0x080001c9   Thumb Code     0  __rtentry2.o(.ARM.Collect$$rtentry$$00000009)
    __rt_entry_main                          0x080001cd   Thumb Code     0  __rtentry2.o(.ARM.Collect$$rtentry$$0000000D)
    __rt_entry_postli_1                      0x080001cd   Thumb Code     0  __rtentry2.o(.ARM.Collect$$rtentry$$0000000C)
    __rt_exit                                0x080001d5   Thumb Code     0  rtexit.o(.ARM.Collect$$rtexit$$00000000)
    __rt_exit_ls                             0x080001d7   Thumb Code     0  rtexit2.o(.ARM.Collect$$rtexit$$00000003)
    __rt_exit_prels_1                        0x080001d7   Thumb Code     0  rtexit2.o(.ARM.Collect$$rtexit$$00000002)
    __rt_exit_exit                           0x080001db   Thumb Code     0  rtexit2.o(.ARM.Collect$$rtexit$$00000004)
    main                                     0x080001e1   Thumb Code   302  main.o(.text)
    NMI_Handler                              0x08000351   Thumb Code     2  stm32f10x_it.o(.text)
    HardFault_Handler                        0x08000353   Thumb Code     4  stm32f10x_it.o(.text)
    MemManage_Handler                        0x08000357   Thumb Code     4  stm32f10x_it.o(.text)
    BusFault_Handler                         0x0800035b   Thumb Code     4  stm32f10x_it.o(.text)
    UsageFault_Handler                       0x0800035f   Thumb Code     4  stm32f10x_it.o(.text)
    SVC_Handler                              0x08000363   Thumb Code     2  stm32f10x_it.o(.text)
    DebugMon_Handler                         0x08000365   Thumb Code     2  stm32f10x_it.o(.text)
    PendSV_Handler                           0x08000367   Thumb Code     2  stm32f10x_it.o(.text)
    SysTick_Handler                          0x08000369   Thumb Code     2  stm32f10x_it.o(.text)
    SystemInit                               0x0800044b   Thumb Code    78  system_stm32f10x.o(.text)
    SystemCoreClockUpdate                    0x08000499   Thumb Code   142  system_stm32f10x.o(.text)
    LED_Init                                 0x0800054d   Thumb Code    46  led.o(.text)
    KEY_Init                                 0x08000581   Thumb Code    54  key.o(.text)
    KEY_Scan                                 0x080005b7   Thumb Code   272  key.o(.text)
    TIM3_Init                                0x080006d5   Thumb Code   130  ste_motor.o(.text)
    IIC_Delay                                0x08000761   Thumb Code    10  oled.o(.text)
    IIC_Init                                 0x0800076b   Thumb Code    50  oled.o(.text)
    IIC_Start                                0x0800079d   Thumb Code    64  oled.o(.text)
    IIC_Stop                                 0x080007dd   Thumb Code    72  oled.o(.text)
    IIC_Ack                                  0x08000825   Thumb Code    70  oled.o(.text)
    IIC_NAck                                 0x0800086b   Thumb Code    70  oled.o(.text)
    IIC_Wait_Ack                             0x080008b1   Thumb Code    90  oled.o(.text)
    IIC_Send_Byte                            0x0800090b   Thumb Code    94  oled.o(.text)
    IIC_Read_Byte                            0x08000969   Thumb Code   100  oled.o(.text)
    WriteCmd                                 0x080009cd   Thumb Code    44  oled.o(.text)
    WriteDat                                 0x080009f9   Thumb Code    44  oled.o(.text)
    OLED_Init                                0x08000a25   Thumb Code   122  oled.o(.text)
    OLED_SetPos                              0x08000a9f   Thumb Code    40  oled.o(.text)
    OLED_Fill                                0x08000ac7   Thumb Code    58  oled.o(.text)
    OLED_CLS                                 0x08000b01   Thumb Code    10  oled.o(.text)
    OLED_ON                                  0x08000b0b   Thumb Code    22  oled.o(.text)
    OLED_OFF                                 0x08000b21   Thumb Code    22  oled.o(.text)
    OLED_ShowStr                             0x08000b37   Thumb Code   240  oled.o(.text)
    OLED_ShowCN                              0x08000c27   Thumb Code    80  oled.o(.text)
    OLED_ShowOneNum                          0x08000c77   Thumb Code   182  oled.o(.text)
    OLED_ShowNum                             0x08000d2d   Thumb Code   128  oled.o(.text)
    UI                                       0x08000dad   Thumb Code   162  oled.o(.text)
    TIM1_Init                                0x08000e75   Thumb Code   212  motor.o(.text)
    Motor_En                                 0x08000f49   Thumb Code     8  motor.o(.text)
    Motor_Stop                               0x08000f51   Thumb Code     8  motor.o(.text)
    RMotor_TP                                0x08000f59   Thumb Code    28  motor.o(.text)
    RMotor_TN                                0x08000f75   Thumb Code    28  motor.o(.text)
    LMotor_TP                                0x08000f91   Thumb Code    30  motor.o(.text)
    LMotor_TN                                0x08000faf   Thumb Code    30  motor.o(.text)
    RMotor_Ctr                               0x08000fcd   Thumb Code    32  motor.o(.text)
    LMotor_Ctr                               0x08000fed   Thumb Code    32  motor.o(.text)
    Data_Send_Status                         0x08001025   Thumb Code   318  mcudatasend.o(.text)
    Data_Send_Senser                         0x08001163   Thumb Code   268  mcudatasend.o(.text)
    MPU_Write_Byte                           0x08001279   Thumb Code    68  mpu6050.o(.text)
    MPU_Set_LPF                              0x080012bd   Thumb Code    58  mpu6050.o(.text)
    MPU_Set_Rate                             0x080012f7   Thumb Code    58  mpu6050.o(.text)
    MPU_Read_Byte                            0x08001331   Thumb Code    58  mpu6050.o(.text)
    MPU_Set_Accel_Fsr                        0x0800136b   Thumb Code    16  mpu6050.o(.text)
    MPU_Set_Gyro_Fsr                         0x0800137b   Thumb Code    16  mpu6050.o(.text)
    MPU_Init                                 0x0800138b   Thumb Code   180  mpu6050.o(.text)
    MPU_Read_Len                             0x0800143f   Thumb Code   116  mpu6050.o(.text)
    MPU_Get_Temperature                      0x080014b3   Thumb Code    86  mpu6050.o(.text)
    MPU_Get_Gyroscope                        0x08001509   Thumb Code    80  mpu6050.o(.text)
    MPU_Get_Accelerometer                    0x08001559   Thumb Code    80  mpu6050.o(.text)
    MPU_Write_Len                            0x080015a9   Thumb Code    96  mpu6050.o(.text)
    MPU_IIC_Delay                            0x08001625   Thumb Code    10  mpuiic.o(.text)
    MPU_IIC_Init                             0x0800162f   Thumb Code    46  mpuiic.o(.text)
    MPU_IIC_Start                            0x0800165d   Thumb Code    60  mpuiic.o(.text)
    MPU_IIC_Stop                             0x08001699   Thumb Code    62  mpuiic.o(.text)
    MPU_IIC_Wait_Ack                         0x080016d7   Thumb Code    86  mpuiic.o(.text)
    MPU_IIC_Ack                              0x0800172d   Thumb Code    66  mpuiic.o(.text)
    MPU_IIC_NAck                             0x0800176f   Thumb Code    66  mpuiic.o(.text)
    MPU_IIC_Send_Byte                        0x080017b1   Thumb Code    82  mpuiic.o(.text)
    MPU_IIC_Read_Byte                        0x08001803   Thumb Code    96  mpuiic.o(.text)
    mpu_reg_dump                             0x080018fb   Thumb Code    84  inv_mpu.o(.text)
    mpu_read_reg                             0x0800194f   Thumb Code    66  inv_mpu.o(.text)
    mpu_set_int_latched                      0x08001991   Thumb Code   102  inv_mpu.o(.text)
    mpu_set_sensors                          0x080019f7   Thumb Code   202  inv_mpu.o(.text)
    mpu_set_bypass                           0x08001ac1   Thumb Code   328  inv_mpu.o(.text)
    mpu_reset_fifo                           0x08001c09   Thumb Code   472  inv_mpu.o(.text)
    mpu_configure_fifo                       0x08001de1   Thumb Code   106  inv_mpu.o(.text)
    mpu_set_lpf                              0x08001e4b   Thumb Code   126  inv_mpu.o(.text)
    mpu_lp_accel_mode                        0x08001ec9   Thumb Code   218  inv_mpu.o(.text)
    mpu_set_sample_rate                      0x08001fa3   Thumb Code   152  inv_mpu.o(.text)
    mpu_set_accel_fsr                        0x0800203b   Thumb Code   132  inv_mpu.o(.text)
    mpu_set_gyro_fsr                         0x080020bf   Thumb Code   132  inv_mpu.o(.text)
    mpu_init                                 0x08002143   Thumb Code   416  inv_mpu.o(.text)
    mget_ms                                  0x080022e3   Thumb Code     2  inv_mpu.o(.text)
    mpu_get_gyro_reg                         0x080022e5   Thumb Code   110  inv_mpu.o(.text)
    mpu_get_accel_reg                        0x08002353   Thumb Code   110  inv_mpu.o(.text)
    mpu_get_temperature                      0x080023c1   Thumb Code   150  inv_mpu.o(.text)
    mpu_set_accel_bias                       0x08002457   Thumb Code   468  inv_mpu.o(.text)
    mpu_get_gyro_fsr                         0x0800262b   Thumb Code    64  inv_mpu.o(.text)
    mpu_get_accel_fsr                        0x0800266b   Thumb Code    72  inv_mpu.o(.text)
    mpu_get_lpf                              0x080026b3   Thumb Code    74  inv_mpu.o(.text)
    mpu_get_sample_rate                      0x080026fd   Thumb Code    26  inv_mpu.o(.text)
    mpu_get_compass_sample_rate              0x08002717   Thumb Code    10  inv_mpu.o(.text)
    mpu_set_compass_sample_rate              0x08002721   Thumb Code     8  inv_mpu.o(.text)
    mpu_get_gyro_sens                        0x08002729   Thumb Code    58  inv_mpu.o(.text)
    mpu_get_accel_sens                       0x08002763   Thumb Code    78  inv_mpu.o(.text)
    mpu_get_fifo_config                      0x080027b1   Thumb Code    12  inv_mpu.o(.text)
    mpu_get_power_state                      0x080027bd   Thumb Code    22  inv_mpu.o(.text)
    mpu_get_int_status                       0x080027d3   Thumb Code    64  inv_mpu.o(.text)
    mpu_read_fifo                            0x08002813   Thumb Code   520  inv_mpu.o(.text)
    mpu_read_fifo_stream                     0x08002a1b   Thumb Code   186  inv_mpu.o(.text)
    mpu_set_int_level                        0x08002ad5   Thumb Code    12  inv_mpu.o(.text)
    mpu_set_dmp_state                        0x080031b5   Thumb Code   138  inv_mpu.o(.text)
    mpu_run_self_test                        0x0800323f   Thumb Code   278  inv_mpu.o(.text)
    mpu_write_mem                            0x08003355   Thumb Code   122  inv_mpu.o(.text)
    mpu_read_mem                             0x080033cf   Thumb Code   122  inv_mpu.o(.text)
    mpu_load_firmware                        0x08003449   Thumb Code   190  inv_mpu.o(.text)
    mpu_get_dmp_state                        0x08003507   Thumb Code    14  inv_mpu.o(.text)
    setup_compass                            0x08003515   Thumb Code     6  inv_mpu.o(.text)
    mpu_get_compass_reg                      0x0800351b   Thumb Code     8  inv_mpu.o(.text)
    mpu_get_compass_fsr                      0x08003523   Thumb Code     8  inv_mpu.o(.text)
    mpu_lp_motion_interrupt                  0x0800352b   Thumb Code   512  inv_mpu.o(.text)
    run_self_test                            0x0800372b   Thumb Code   148  inv_mpu.o(.text)
    inv_row_2_scale                          0x080037bf   Thumb Code    78  inv_mpu.o(.text)
    inv_orientation_matrix_to_scalar         0x0800380d   Thumb Code    40  inv_mpu.o(.text)
    mpu_dmp_init                             0x08003835   Thumb Code   154  inv_mpu.o(.text)
    mpu_dmp_get_data                         0x080038cf   Thumb Code   470  inv_mpu.o(.text)
    dmp_load_motion_driver_firmware          0x08003ab1   Thumb Code    20  inv_mpu_dmp_motion_driver.o(.text)
    dmp_set_orientation                      0x08003ac5   Thumb Code   290  inv_mpu_dmp_motion_driver.o(.text)
    dmp_set_gyro_bias                        0x08003be7   Thumb Code   294  inv_mpu_dmp_motion_driver.o(.text)
    dmp_set_accel_bias                       0x08003d0d   Thumb Code   300  inv_mpu_dmp_motion_driver.o(.text)
    dmp_set_fifo_rate                        0x08003e39   Thumb Code   136  inv_mpu_dmp_motion_driver.o(.text)
    dmp_get_fifo_rate                        0x08003ec1   Thumb Code    12  inv_mpu_dmp_motion_driver.o(.text)
    dmp_set_tap_thresh                       0x08003ecd   Thumb Code   396  inv_mpu_dmp_motion_driver.o(.text)
    dmp_set_tap_axes                         0x08004059   Thumb Code    70  inv_mpu_dmp_motion_driver.o(.text)
    dmp_set_tap_count                        0x0800409f   Thumb Code    38  inv_mpu_dmp_motion_driver.o(.text)
    dmp_set_tap_time                         0x080040c5   Thumb Code    38  inv_mpu_dmp_motion_driver.o(.text)
    dmp_set_tap_time_multi                   0x080040eb   Thumb Code    38  inv_mpu_dmp_motion_driver.o(.text)
    dmp_set_shake_reject_thresh              0x08004111   Thumb Code    56  inv_mpu_dmp_motion_driver.o(.text)
    dmp_set_shake_reject_time                0x08004149   Thumb Code    38  inv_mpu_dmp_motion_driver.o(.text)
    dmp_set_shake_reject_timeout             0x0800416f   Thumb Code    38  inv_mpu_dmp_motion_driver.o(.text)
    dmp_get_pedometer_step_count             0x08004195   Thumb Code    66  inv_mpu_dmp_motion_driver.o(.text)
    dmp_set_pedometer_step_count             0x080041d7   Thumb Code    42  inv_mpu_dmp_motion_driver.o(.text)
    dmp_get_pedometer_walk_time              0x08004201   Thumb Code    72  inv_mpu_dmp_motion_driver.o(.text)
    dmp_set_pedometer_walk_time              0x08004249   Thumb Code    48  inv_mpu_dmp_motion_driver.o(.text)
    dmp_enable_6x_lp_quat                    0x08004279   Thumb Code    84  inv_mpu_dmp_motion_driver.o(.text)
    dmp_enable_lp_quat                       0x080042cd   Thumb Code    60  inv_mpu_dmp_motion_driver.o(.text)
    dmp_enable_gyro_cal                      0x08004309   Thumb Code    62  inv_mpu_dmp_motion_driver.o(.text)
    dmp_enable_feature                       0x08004347   Thumb Code   530  inv_mpu_dmp_motion_driver.o(.text)
    dmp_get_enabled_features                 0x08004559   Thumb Code    12  inv_mpu_dmp_motion_driver.o(.text)
    dmp_set_interrupt_mode                   0x080045c3   Thumb Code    66  inv_mpu_dmp_motion_driver.o(.text)
    dmp_read_fifo                            0x08004605   Thumb Code   514  inv_mpu_dmp_motion_driver.o(.text)
    dmp_register_tap_cb                      0x08004807   Thumb Code    10  inv_mpu_dmp_motion_driver.o(.text)
    dmp_register_android_orient_cb           0x08004811   Thumb Code    10  inv_mpu_dmp_motion_driver.o(.text)
    PID_RSencer_Init                         0x08004821   Thumb Code    26  pid.o(.text)
    PID_LSencer_Init                         0x0800483b   Thumb Code    26  pid.o(.text)
    PID_RSencer_SetPoint                     0x08004855   Thumb Code     6  pid.o(.text)
    PID_LSencer_SetPoint                     0x0800485b   Thumb Code     6  pid.o(.text)
    PID_RSencer_SetPID                       0x08004861   Thumb Code    10  pid.o(.text)
    PID_LSencer_SetPID                       0x0800486b   Thumb Code    10  pid.o(.text)
    PID_RSencer_Calculate                    0x08004875   Thumb Code   224  pid.o(.text)
    PID_LSencer_Calculate                    0x08004955   Thumb Code   224  pid.o(.text)
    delay_init                               0x08004a45   Thumb Code    50  delay.o(.text)
    delay_us                                 0x08004a77   Thumb Code    72  delay.o(.text)
    delay_ms                                 0x08004abf   Thumb Code    72  delay.o(.text)
    _sys_exit                                0x08004b19   Thumb Code     6  usart.o(.text)
    fputc                                    0x08004b1f   Thumb Code    24  usart.o(.text)
    uart_init                                0x08004b37   Thumb Code   152  usart.o(.text)
    USART1_IRQHandler                        0x08004bcf   Thumb Code   136  usart.o(.text)
    TIM5_init                                0x08004c69   Thumb Code    86  time5.o(.text)
    TIM5_IRQHandler                          0x08004cbf   Thumb Code   230  time5.o(.text)
    Reset_Handler                            0x08004dbd   Thumb Code     8  startup_stm32f10x_hd.o(.text)
    ADC1_2_IRQHandler                        0x08004dd7   Thumb Code     0  startup_stm32f10x_hd.o(.text)
    ADC3_IRQHandler                          0x08004dd7   Thumb Code     0  startup_stm32f10x_hd.o(.text)
    CAN1_RX1_IRQHandler                      0x08004dd7   Thumb Code     0  startup_stm32f10x_hd.o(.text)
    CAN1_SCE_IRQHandler                      0x08004dd7   Thumb Code     0  startup_stm32f10x_hd.o(.text)
    DMA1_Channel1_IRQHandler                 0x08004dd7   Thumb Code     0  startup_stm32f10x_hd.o(.text)
    DMA1_Channel2_IRQHandler                 0x08004dd7   Thumb Code     0  startup_stm32f10x_hd.o(.text)
    DMA1_Channel3_IRQHandler                 0x08004dd7   Thumb Code     0  startup_stm32f10x_hd.o(.text)
    DMA1_Channel4_IRQHandler                 0x08004dd7   Thumb Code     0  startup_stm32f10x_hd.o(.text)
    DMA1_Channel5_IRQHandler                 0x08004dd7   Thumb Code     0  startup_stm32f10x_hd.o(.text)
    DMA1_Channel6_IRQHandler                 0x08004dd7   Thumb Code     0  startup_stm32f10x_hd.o(.text)
    DMA1_Channel7_IRQHandler                 0x08004dd7   Thumb Code     0  startup_stm32f10x_hd.o(.text)
    DMA2_Channel1_IRQHandler                 0x08004dd7   Thumb Code     0  startup_stm32f10x_hd.o(.text)
    DMA2_Channel2_IRQHandler                 0x08004dd7   Thumb Code     0  startup_stm32f10x_hd.o(.text)
    DMA2_Channel3_IRQHandler                 0x08004dd7   Thumb Code     0  startup_stm32f10x_hd.o(.text)
    DMA2_Channel4_5_IRQHandler               0x08004dd7   Thumb Code     0  startup_stm32f10x_hd.o(.text)
    EXTI0_IRQHandler                         0x08004dd7   Thumb Code     0  startup_stm32f10x_hd.o(.text)
    EXTI15_10_IRQHandler                     0x08004dd7   Thumb Code     0  startup_stm32f10x_hd.o(.text)
    EXTI1_IRQHandler                         0x08004dd7   Thumb Code     0  startup_stm32f10x_hd.o(.text)
    EXTI2_IRQHandler                         0x08004dd7   Thumb Code     0  startup_stm32f10x_hd.o(.text)
    EXTI3_IRQHandler                         0x08004dd7   Thumb Code     0  startup_stm32f10x_hd.o(.text)
    EXTI4_IRQHandler                         0x08004dd7   Thumb Code     0  startup_stm32f10x_hd.o(.text)
    EXTI9_5_IRQHandler                       0x08004dd7   Thumb Code     0  startup_stm32f10x_hd.o(.text)
    FLASH_IRQHandler                         0x08004dd7   Thumb Code     0  startup_stm32f10x_hd.o(.text)
    FSMC_IRQHandler                          0x08004dd7   Thumb Code     0  startup_stm32f10x_hd.o(.text)
    I2C1_ER_IRQHandler                       0x08004dd7   Thumb Code     0  startup_stm32f10x_hd.o(.text)
    I2C1_EV_IRQHandler                       0x08004dd7   Thumb Code     0  startup_stm32f10x_hd.o(.text)
    I2C2_ER_IRQHandler                       0x08004dd7   Thumb Code     0  startup_stm32f10x_hd.o(.text)
    I2C2_EV_IRQHandler                       0x08004dd7   Thumb Code     0  startup_stm32f10x_hd.o(.text)
    PVD_IRQHandler                           0x08004dd7   Thumb Code     0  startup_stm32f10x_hd.o(.text)
    RCC_IRQHandler                           0x08004dd7   Thumb Code     0  startup_stm32f10x_hd.o(.text)
    RTCAlarm_IRQHandler                      0x08004dd7   Thumb Code     0  startup_stm32f10x_hd.o(.text)
    RTC_IRQHandler                           0x08004dd7   Thumb Code     0  startup_stm32f10x_hd.o(.text)
    SDIO_IRQHandler                          0x08004dd7   Thumb Code     0  startup_stm32f10x_hd.o(.text)
    SPI1_IRQHandler                          0x08004dd7   Thumb Code     0  startup_stm32f10x_hd.o(.text)
    SPI2_IRQHandler                          0x08004dd7   Thumb Code     0  startup_stm32f10x_hd.o(.text)
    SPI3_IRQHandler                          0x08004dd7   Thumb Code     0  startup_stm32f10x_hd.o(.text)
    TAMPER_IRQHandler                        0x08004dd7   Thumb Code     0  startup_stm32f10x_hd.o(.text)
    TIM1_BRK_IRQHandler                      0x08004dd7   Thumb Code     0  startup_stm32f10x_hd.o(.text)
    TIM1_CC_IRQHandler                       0x08004dd7   Thumb Code     0  startup_stm32f10x_hd.o(.text)
    TIM1_TRG_COM_IRQHandler                  0x08004dd7   Thumb Code     0  startup_stm32f10x_hd.o(.text)
    TIM1_UP_IRQHandler                       0x08004dd7   Thumb Code     0  startup_stm32f10x_hd.o(.text)
    TIM2_IRQHandler                          0x08004dd7   Thumb Code     0  startup_stm32f10x_hd.o(.text)
    TIM3_IRQHandler                          0x08004dd7   Thumb Code     0  startup_stm32f10x_hd.o(.text)
    TIM4_IRQHandler                          0x08004dd7   Thumb Code     0  startup_stm32f10x_hd.o(.text)
    TIM6_IRQHandler                          0x08004dd7   Thumb Code     0  startup_stm32f10x_hd.o(.text)
    TIM7_IRQHandler                          0x08004dd7   Thumb Code     0  startup_stm32f10x_hd.o(.text)
    TIM8_BRK_IRQHandler                      0x08004dd7   Thumb Code     0  startup_stm32f10x_hd.o(.text)
    TIM8_CC_IRQHandler                       0x08004dd7   Thumb Code     0  startup_stm32f10x_hd.o(.text)
    TIM8_TRG_COM_IRQHandler                  0x08004dd7   Thumb Code     0  startup_stm32f10x_hd.o(.text)
    TIM8_UP_IRQHandler                       0x08004dd7   Thumb Code     0  startup_stm32f10x_hd.o(.text)
    UART4_IRQHandler                         0x08004dd7   Thumb Code     0  startup_stm32f10x_hd.o(.text)
    UART5_IRQHandler                         0x08004dd7   Thumb Code     0  startup_stm32f10x_hd.o(.text)
    USART2_IRQHandler                        0x08004dd7   Thumb Code     0  startup_stm32f10x_hd.o(.text)
    USART3_IRQHandler                        0x08004dd7   Thumb Code     0  startup_stm32f10x_hd.o(.text)
    USBWakeUp_IRQHandler                     0x08004dd7   Thumb Code     0  startup_stm32f10x_hd.o(.text)
    USB_HP_CAN1_TX_IRQHandler                0x08004dd7   Thumb Code     0  startup_stm32f10x_hd.o(.text)
    USB_LP_CAN1_RX0_IRQHandler               0x08004dd7   Thumb Code     0  startup_stm32f10x_hd.o(.text)
    WWDG_IRQHandler                          0x08004dd7   Thumb Code     0  startup_stm32f10x_hd.o(.text)
    __user_initial_stackheap                 0x08004dd9   Thumb Code     0  startup_stm32f10x_hd.o(.text)
    NVIC_PriorityGroupConfig                 0x08004dfd   Thumb Code    10  misc.o(.text)
    NVIC_Init                                0x08004e07   Thumb Code   100  misc.o(.text)
    NVIC_SetVectorTable                      0x08004e6b   Thumb Code    14  misc.o(.text)
    NVIC_SystemLPConfig                      0x08004e79   Thumb Code    34  misc.o(.text)
    SysTick_CLKSourceConfig                  0x08004e9b   Thumb Code    40  misc.o(.text)
    GPIO_DeInit                              0x08004ed9   Thumb Code   172  stm32f10x_gpio.o(.text)
    GPIO_AFIODeInit                          0x08004f85   Thumb Code    20  stm32f10x_gpio.o(.text)
    GPIO_Init                                0x08004f99   Thumb Code   278  stm32f10x_gpio.o(.text)
    GPIO_StructInit                          0x080050af   Thumb Code    16  stm32f10x_gpio.o(.text)
    GPIO_ReadInputDataBit                    0x080050bf   Thumb Code    18  stm32f10x_gpio.o(.text)
    GPIO_ReadInputData                       0x080050d1   Thumb Code     8  stm32f10x_gpio.o(.text)
    GPIO_ReadOutputDataBit                   0x080050d9   Thumb Code    18  stm32f10x_gpio.o(.text)
    GPIO_ReadOutputData                      0x080050eb   Thumb Code     8  stm32f10x_gpio.o(.text)
    GPIO_SetBits                             0x080050f3   Thumb Code     4  stm32f10x_gpio.o(.text)
    GPIO_ResetBits                           0x080050f7   Thumb Code     4  stm32f10x_gpio.o(.text)
    GPIO_WriteBit                            0x080050fb   Thumb Code    10  stm32f10x_gpio.o(.text)
    GPIO_Write                               0x08005105   Thumb Code     4  stm32f10x_gpio.o(.text)
    GPIO_PinLockConfig                       0x08005109   Thumb Code    18  stm32f10x_gpio.o(.text)
    GPIO_EventOutputConfig                   0x0800511b   Thumb Code    26  stm32f10x_gpio.o(.text)
    GPIO_EventOutputCmd                      0x08005135   Thumb Code     6  stm32f10x_gpio.o(.text)
    GPIO_PinRemapConfig                      0x0800513b   Thumb Code   138  stm32f10x_gpio.o(.text)
    GPIO_EXTILineConfig                      0x080051c5   Thumb Code    66  stm32f10x_gpio.o(.text)
    GPIO_ETH_MediaInterfaceConfig            0x08005207   Thumb Code     8  stm32f10x_gpio.o(.text)
    RCC_DeInit                               0x08005235   Thumb Code    64  stm32f10x_rcc.o(.text)
    RCC_HSEConfig                            0x08005275   Thumb Code    70  stm32f10x_rcc.o(.text)
    RCC_GetFlagStatus                        0x080052bb   Thumb Code    56  stm32f10x_rcc.o(.text)
    RCC_WaitForHSEStartUp                    0x080052f3   Thumb Code    56  stm32f10x_rcc.o(.text)
    RCC_AdjustHSICalibrationValue            0x0800532b   Thumb Code    20  stm32f10x_rcc.o(.text)
    RCC_HSICmd                               0x0800533f   Thumb Code     6  stm32f10x_rcc.o(.text)
    RCC_PLLConfig                            0x08005345   Thumb Code    24  stm32f10x_rcc.o(.text)
    RCC_PLLCmd                               0x0800535d   Thumb Code     6  stm32f10x_rcc.o(.text)
    RCC_SYSCLKConfig                         0x08005363   Thumb Code    18  stm32f10x_rcc.o(.text)
    RCC_GetSYSCLKSource                      0x08005375   Thumb Code    10  stm32f10x_rcc.o(.text)
    RCC_HCLKConfig                           0x0800537f   Thumb Code    18  stm32f10x_rcc.o(.text)
    RCC_PCLK1Config                          0x08005391   Thumb Code    18  stm32f10x_rcc.o(.text)
    RCC_PCLK2Config                          0x080053a3   Thumb Code    20  stm32f10x_rcc.o(.text)
    RCC_ITConfig                             0x080053b7   Thumb Code    26  stm32f10x_rcc.o(.text)
    RCC_USBCLKConfig                         0x080053d1   Thumb Code     8  stm32f10x_rcc.o(.text)
    RCC_ADCCLKConfig                         0x080053d9   Thumb Code    18  stm32f10x_rcc.o(.text)
    RCC_LSEConfig                            0x080053eb   Thumb Code    50  stm32f10x_rcc.o(.text)
    RCC_LSICmd                               0x0800541d   Thumb Code     6  stm32f10x_rcc.o(.text)
    RCC_RTCCLKConfig                         0x08005423   Thumb Code    12  stm32f10x_rcc.o(.text)
    RCC_RTCCLKCmd                            0x0800542f   Thumb Code     8  stm32f10x_rcc.o(.text)
    RCC_GetClocksFreq                        0x08005437   Thumb Code   192  stm32f10x_rcc.o(.text)
    RCC_AHBPeriphClockCmd                    0x080054f7   Thumb Code    26  stm32f10x_rcc.o(.text)
    RCC_APB2PeriphClockCmd                   0x08005511   Thumb Code    26  stm32f10x_rcc.o(.text)
    RCC_APB1PeriphClockCmd                   0x0800552b   Thumb Code    26  stm32f10x_rcc.o(.text)
    RCC_APB2PeriphResetCmd                   0x08005545   Thumb Code    26  stm32f10x_rcc.o(.text)
    RCC_APB1PeriphResetCmd                   0x0800555f   Thumb Code    26  stm32f10x_rcc.o(.text)
    RCC_BackupResetCmd                       0x08005579   Thumb Code     8  stm32f10x_rcc.o(.text)
    RCC_ClockSecuritySystemCmd               0x08005581   Thumb Code     6  stm32f10x_rcc.o(.text)
    RCC_MCOConfig                            0x08005587   Thumb Code     6  stm32f10x_rcc.o(.text)
    RCC_ClearFlag                            0x0800558d   Thumb Code    14  stm32f10x_rcc.o(.text)
    RCC_GetITStatus                          0x0800559b   Thumb Code    20  stm32f10x_rcc.o(.text)
    RCC_ClearITPendingBit                    0x080055af   Thumb Code     6  stm32f10x_rcc.o(.text)
    TIM_DeInit                               0x080055d9   Thumb Code   424  stm32f10x_tim.o(.text)
    TIM_TimeBaseInit                         0x08005781   Thumb Code   122  stm32f10x_tim.o(.text)
    TIM_OC1Init                              0x080057fb   Thumb Code   132  stm32f10x_tim.o(.text)
    TIM_OC2Init                              0x0800587f   Thumb Code   154  stm32f10x_tim.o(.text)
    TIM_OC3Init                              0x08005919   Thumb Code   150  stm32f10x_tim.o(.text)
    TIM_OC4Init                              0x080059af   Thumb Code   182  stm32f10x_tim.o(.text)
    TIM_SetIC4Prescaler                      0x08005a65   Thumb Code    26  stm32f10x_tim.o(.text)
    TIM_SetIC3Prescaler                      0x08005b01   Thumb Code    18  stm32f10x_tim.o(.text)
    TIM_SetIC2Prescaler                      0x08005b8d   Thumb Code    26  stm32f10x_tim.o(.text)
    TIM_SetIC1Prescaler                      0x08005c29   Thumb Code    18  stm32f10x_tim.o(.text)
    TIM_ICInit                               0x08005ca7   Thumb Code   150  stm32f10x_tim.o(.text)
    TIM_PWMIConfig                           0x08005d3d   Thumb Code   124  stm32f10x_tim.o(.text)
    TIM_BDTRConfig                           0x08005db9   Thumb Code    32  stm32f10x_tim.o(.text)
    TIM_TimeBaseStructInit                   0x08005dd9   Thumb Code    18  stm32f10x_tim.o(.text)
    TIM_OCStructInit                         0x08005deb   Thumb Code    20  stm32f10x_tim.o(.text)
    TIM_ICStructInit                         0x08005dff   Thumb Code    18  stm32f10x_tim.o(.text)
    TIM_BDTRStructInit                       0x08005e11   Thumb Code    40  stm32f10x_tim.o(.text)
    TIM_Cmd                                  0x08005e39   Thumb Code    24  stm32f10x_tim.o(.text)
    TIM_CtrlPWMOutputs                       0x08005e51   Thumb Code    30  stm32f10x_tim.o(.text)
    TIM_ITConfig                             0x08005e6f   Thumb Code    18  stm32f10x_tim.o(.text)
    TIM_GenerateEvent                        0x08005e81   Thumb Code     4  stm32f10x_tim.o(.text)
    TIM_DMAConfig                            0x08005e85   Thumb Code    10  stm32f10x_tim.o(.text)
    TIM_DMACmd                               0x08005e8f   Thumb Code    18  stm32f10x_tim.o(.text)
    TIM_InternalClockConfig                  0x08005ea1   Thumb Code    12  stm32f10x_tim.o(.text)
    TIM_SelectInputTrigger                   0x08005ead   Thumb Code    18  stm32f10x_tim.o(.text)
    TIM_ITRxExternalClockConfig              0x08005ebf   Thumb Code    24  stm32f10x_tim.o(.text)
    TIM_TIxExternalClockConfig               0x08005ed7   Thumb Code    62  stm32f10x_tim.o(.text)
    TIM_ETRConfig                            0x08005f15   Thumb Code    28  stm32f10x_tim.o(.text)
    TIM_ETRClockMode1Config                  0x08005f31   Thumb Code    54  stm32f10x_tim.o(.text)
    TIM_ETRClockMode2Config                  0x08005f67   Thumb Code    32  stm32f10x_tim.o(.text)
    TIM_PrescalerConfig                      0x08005f87   Thumb Code     6  stm32f10x_tim.o(.text)
    TIM_CounterModeConfig                    0x08005f8d   Thumb Code    18  stm32f10x_tim.o(.text)
    TIM_EncoderInterfaceConfig               0x08005f9f   Thumb Code    66  stm32f10x_tim.o(.text)
    TIM_ForcedOC1Config                      0x08005fe1   Thumb Code    18  stm32f10x_tim.o(.text)
    TIM_ForcedOC2Config                      0x08005ff3   Thumb Code    26  stm32f10x_tim.o(.text)
    TIM_ForcedOC3Config                      0x0800600d   Thumb Code    18  stm32f10x_tim.o(.text)
    TIM_ForcedOC4Config                      0x0800601f   Thumb Code    26  stm32f10x_tim.o(.text)
    TIM_ARRPreloadConfig                     0x08006039   Thumb Code    24  stm32f10x_tim.o(.text)
    TIM_SelectCOM                            0x08006051   Thumb Code    24  stm32f10x_tim.o(.text)
    TIM_SelectCCDMA                          0x08006069   Thumb Code    24  stm32f10x_tim.o(.text)
    TIM_CCPreloadControl                     0x08006081   Thumb Code    24  stm32f10x_tim.o(.text)
    TIM_OC1PreloadConfig                     0x08006099   Thumb Code    18  stm32f10x_tim.o(.text)
    TIM_OC2PreloadConfig                     0x080060ab   Thumb Code    26  stm32f10x_tim.o(.text)
    TIM_OC3PreloadConfig                     0x080060c5   Thumb Code    18  stm32f10x_tim.o(.text)
    TIM_OC4PreloadConfig                     0x080060d7   Thumb Code    26  stm32f10x_tim.o(.text)
    TIM_OC1FastConfig                        0x080060f1   Thumb Code    18  stm32f10x_tim.o(.text)
    TIM_OC2FastConfig                        0x08006103   Thumb Code    26  stm32f10x_tim.o(.text)
    TIM_OC3FastConfig                        0x0800611d   Thumb Code    18  stm32f10x_tim.o(.text)
    TIM_OC4FastConfig                        0x0800612f   Thumb Code    26  stm32f10x_tim.o(.text)
    TIM_ClearOC1Ref                          0x08006149   Thumb Code    18  stm32f10x_tim.o(.text)
    TIM_ClearOC2Ref                          0x0800615b   Thumb Code    24  stm32f10x_tim.o(.text)
    TIM_ClearOC3Ref                          0x08006173   Thumb Code    18  stm32f10x_tim.o(.text)
    TIM_ClearOC4Ref                          0x08006185   Thumb Code    24  stm32f10x_tim.o(.text)
    TIM_OC1PolarityConfig                    0x0800619d   Thumb Code    18  stm32f10x_tim.o(.text)
    TIM_OC1NPolarityConfig                   0x080061af   Thumb Code    18  stm32f10x_tim.o(.text)
    TIM_OC2PolarityConfig                    0x080061c1   Thumb Code    26  stm32f10x_tim.o(.text)
    TIM_OC2NPolarityConfig                   0x080061db   Thumb Code    26  stm32f10x_tim.o(.text)
    TIM_OC3PolarityConfig                    0x080061f5   Thumb Code    26  stm32f10x_tim.o(.text)
    TIM_OC3NPolarityConfig                   0x0800620f   Thumb Code    26  stm32f10x_tim.o(.text)
    TIM_OC4PolarityConfig                    0x08006229   Thumb Code    26  stm32f10x_tim.o(.text)
    TIM_CCxCmd                               0x08006243   Thumb Code    30  stm32f10x_tim.o(.text)
    TIM_CCxNCmd                              0x08006261   Thumb Code    30  stm32f10x_tim.o(.text)
    TIM_SelectOCxM                           0x0800627f   Thumb Code    82  stm32f10x_tim.o(.text)
    TIM_UpdateDisableConfig                  0x080062d1   Thumb Code    24  stm32f10x_tim.o(.text)
    TIM_UpdateRequestConfig                  0x080062e9   Thumb Code    24  stm32f10x_tim.o(.text)
    TIM_SelectHallSensor                     0x08006301   Thumb Code    24  stm32f10x_tim.o(.text)
    TIM_SelectOnePulseMode                   0x08006319   Thumb Code    18  stm32f10x_tim.o(.text)
    TIM_SelectOutputTrigger                  0x0800632b   Thumb Code    18  stm32f10x_tim.o(.text)
    TIM_SelectSlaveMode                      0x0800633d   Thumb Code    18  stm32f10x_tim.o(.text)
    TIM_SelectMasterSlaveMode                0x0800634f   Thumb Code    18  stm32f10x_tim.o(.text)
    TIM_SetCounter                           0x08006361   Thumb Code     4  stm32f10x_tim.o(.text)
    TIM_SetAutoreload                        0x08006365   Thumb Code     4  stm32f10x_tim.o(.text)
    TIM_SetCompare1                          0x08006369   Thumb Code     4  stm32f10x_tim.o(.text)
    TIM_SetCompare2                          0x0800636d   Thumb Code     4  stm32f10x_tim.o(.text)
    TIM_SetCompare3                          0x08006371   Thumb Code     4  stm32f10x_tim.o(.text)
    TIM_SetCompare4                          0x08006375   Thumb Code     6  stm32f10x_tim.o(.text)
    TIM_SetClockDivision                     0x0800637b   Thumb Code    18  stm32f10x_tim.o(.text)
    TIM_GetCapture1                          0x0800638d   Thumb Code     6  stm32f10x_tim.o(.text)
    TIM_GetCapture2                          0x08006393   Thumb Code     6  stm32f10x_tim.o(.text)
    TIM_GetCapture3                          0x08006399   Thumb Code     6  stm32f10x_tim.o(.text)
    TIM_GetCapture4                          0x0800639f   Thumb Code     8  stm32f10x_tim.o(.text)
    TIM_GetCounter                           0x080063a7   Thumb Code     6  stm32f10x_tim.o(.text)
    TIM_GetPrescaler                         0x080063ad   Thumb Code     6  stm32f10x_tim.o(.text)
    TIM_GetFlagStatus                        0x080063b3   Thumb Code    18  stm32f10x_tim.o(.text)
    TIM_ClearFlag                            0x080063c5   Thumb Code     6  stm32f10x_tim.o(.text)
    TIM_GetITStatus                          0x080063cb   Thumb Code    34  stm32f10x_tim.o(.text)
    TIM_ClearITPendingBit                    0x080063ed   Thumb Code     6  stm32f10x_tim.o(.text)
    USART_DeInit                             0x080063f5   Thumb Code   134  stm32f10x_usart.o(.text)
    USART_Init                               0x0800647b   Thumb Code   210  stm32f10x_usart.o(.text)
    USART_StructInit                         0x0800654d   Thumb Code    24  stm32f10x_usart.o(.text)
    USART_ClockInit                          0x08006565   Thumb Code    34  stm32f10x_usart.o(.text)
    USART_ClockStructInit                    0x08006587   Thumb Code    12  stm32f10x_usart.o(.text)
    USART_Cmd                                0x08006593   Thumb Code    24  stm32f10x_usart.o(.text)
    USART_ITConfig                           0x080065ab   Thumb Code    74  stm32f10x_usart.o(.text)
    USART_DMACmd                             0x080065f5   Thumb Code    18  stm32f10x_usart.o(.text)
    USART_SetAddress                         0x08006607   Thumb Code    18  stm32f10x_usart.o(.text)
    USART_WakeUpConfig                       0x08006619   Thumb Code    18  stm32f10x_usart.o(.text)
    USART_ReceiverWakeUpCmd                  0x0800662b   Thumb Code    24  stm32f10x_usart.o(.text)
    USART_LINBreakDetectLengthConfig         0x08006643   Thumb Code    18  stm32f10x_usart.o(.text)
    USART_LINCmd                             0x08006655   Thumb Code    24  stm32f10x_usart.o(.text)
    USART_SendData                           0x0800666d   Thumb Code     8  stm32f10x_usart.o(.text)
    USART_ReceiveData                        0x08006675   Thumb Code    10  stm32f10x_usart.o(.text)
    USART_SendBreak                          0x0800667f   Thumb Code    10  stm32f10x_usart.o(.text)
    USART_SetGuardTime                       0x08006689   Thumb Code    16  stm32f10x_usart.o(.text)
    USART_SetPrescaler                       0x08006699   Thumb Code    16  stm32f10x_usart.o(.text)
    USART_SmartCardCmd                       0x080066a9   Thumb Code    24  stm32f10x_usart.o(.text)
    USART_SmartCardNACKCmd                   0x080066c1   Thumb Code    24  stm32f10x_usart.o(.text)
    USART_HalfDuplexCmd                      0x080066d9   Thumb Code    24  stm32f10x_usart.o(.text)
    USART_OverSampling8Cmd                   0x080066f1   Thumb Code    22  stm32f10x_usart.o(.text)
    USART_OneBitMethodCmd                    0x08006707   Thumb Code    24  stm32f10x_usart.o(.text)
    USART_IrDAConfig                         0x0800671f   Thumb Code    18  stm32f10x_usart.o(.text)
    USART_IrDACmd                            0x08006731   Thumb Code    24  stm32f10x_usart.o(.text)
    USART_GetFlagStatus                      0x08006749   Thumb Code    26  stm32f10x_usart.o(.text)
    USART_ClearFlag                          0x08006763   Thumb Code    18  stm32f10x_usart.o(.text)
    USART_GetITStatus                        0x08006775   Thumb Code    84  stm32f10x_usart.o(.text)
    USART_ClearITPendingBit                  0x080067c9   Thumb Code    52  stm32f10x_usart.o(.text)
    __use_no_semihosting                     0x080067fd   Thumb Code     2  use_no_semi_2.o(.text)
    __aeabi_ldivmod                          0x080067ff   Thumb Code     0  llsdiv.o(.text)
    _ll_sdiv                                 0x080067ff   Thumb Code    72  llsdiv.o(.text)
    __2printf                                0x08006849   Thumb Code    20  noretval__2printf.o(.text)
    _printf_pre_padding                      0x08006861   Thumb Code    44  _printf_pad.o(.text)
    _printf_post_padding                     0x0800688d   Thumb Code    34  _printf_pad.o(.text)
    _printf_str                              0x080068af   Thumb Code    82  _printf_str.o(.text)
    _printf_int_dec                          0x08006901   Thumb Code   104  _printf_dec.o(.text)
    _printf_int_hex                          0x08006979   Thumb Code    84  _printf_hex_int.o(.text)
    _printf_longlong_hex                     0x08006979   Thumb Code     0  _printf_hex_int.o(.text)
    __printf                                 0x080069d1   Thumb Code   308  __printf_flags_wp.o(.text)
    memcmp                                   0x08006b09   Thumb Code    88  memcmp.o(.text)
    __aeabi_memset                           0x08006b61   Thumb Code    16  aeabi_memset.o(.text)
    __use_two_region_memory                  0x08006b71   Thumb Code     2  heapauxi.o(.text)
    __rt_heap_escrow$2region                 0x08006b73   Thumb Code     2  heapauxi.o(.text)
    __rt_heap_expand$2region                 0x08006b75   Thumb Code     2  heapauxi.o(.text)
    __I$use$semihosting                      0x08006b77   Thumb Code     0  use_no_semi.o(.text)
    __use_no_semihosting_swi                 0x08006b77   Thumb Code     2  use_no_semi.o(.text)
    __aeabi_uldivmod                         0x08006b79   Thumb Code     0  lludivv7m.o(.text)
    _ll_udiv                                 0x08006b79   Thumb Code   238  lludivv7m.o(.text)
    __read_errno                             0x08006c67   Thumb Code    10  _rserrno.o(.text)
    __set_errno                              0x08006c71   Thumb Code    12  _rserrno.o(.text)
    _printf_int_common                       0x08006c7d   Thumb Code   178  _printf_intcommon.o(.text)
    _printf_cs_common                        0x08006d2f   Thumb Code    20  _printf_char.o(.text)
    _printf_char                             0x08006d43   Thumb Code    16  _printf_char.o(.text)
    _printf_string                           0x08006d53   Thumb Code     8  _printf_char.o(.text)
    _printf_char_file                        0x08006d5d   Thumb Code    32  _printf_char_file.o(.text)
    __aeabi_memclr                           0x08006d81   Thumb Code     0  rt_memclr.o(.text)
    __rt_memclr                              0x08006d81   Thumb Code    68  rt_memclr.o(.text)
    _memset                                  0x08006d85   Thumb Code     0  rt_memclr.o(.text)
    __aeabi_errno_addr                       0x08006dc5   Thumb Code     8  rt_errno_addr_intlibspace.o(.text)
    __errno$intlibspace                      0x08006dc5   Thumb Code     0  rt_errno_addr_intlibspace.o(.text)
    __rt_errno_addr$intlibspace              0x08006dc5   Thumb Code     0  rt_errno_addr_intlibspace.o(.text)
    _printf_char_common                      0x08006dd7   Thumb Code    32  _printf_char_common.o(.text)
    ferror                                   0x08006dfd   Thumb Code     8  ferror.o(.text)
    __aeabi_memclr4                          0x08006e05   Thumb Code     0  rt_memclr_w.o(.text)
    __aeabi_memclr8                          0x08006e05   Thumb Code     0  rt_memclr_w.o(.text)
    __rt_memclr_w                            0x08006e05   Thumb Code    78  rt_memclr_w.o(.text)
    _memset_w                                0x08006e09   Thumb Code     0  rt_memclr_w.o(.text)
    __user_libspace                          0x08006e55   Thumb Code     8  libspace.o(.text)
    __user_perproc_libspace                  0x08006e55   Thumb Code     0  libspace.o(.text)
    __user_perthread_libspace                0x08006e55   Thumb Code     0  libspace.o(.text)
    __user_setup_stackheap                   0x08006e5d   Thumb Code    74  sys_stackheap_outer.o(.text)
    exit                                     0x08006ea7   Thumb Code    18  exit.o(.text)
    __ARM_fpclassify                         0x08006eb9   Thumb Code    40  fpclassify.o(i.__ARM_fpclassify)
    __kernel_poly                            0x08006ee1   Thumb Code   170  poly.o(i.__kernel_poly)
    __mathlib_dbl_infnan                     0x08006f8b   Thumb Code     6  dunder.o(i.__mathlib_dbl_infnan)
    __mathlib_dbl_infnan2                    0x08006f91   Thumb Code     4  dunder.o(i.__mathlib_dbl_infnan2)
    __mathlib_dbl_invalid                    0x08006f95   Thumb Code    12  dunder.o(i.__mathlib_dbl_invalid)
    __mathlib_dbl_underflow                  0x08006fa1   Thumb Code    10  dunder.o(i.__mathlib_dbl_underflow)
    _is_digit                                0x08006fb1   Thumb Code    14  __printf_wp.o(i._is_digit)
    asin                                     0x08006fc1   Thumb Code   572  asin.o(i.asin)
    atan                                     0x08007231   Thumb Code   474  atan.o(i.atan)
    atan2                                    0x08007451   Thumb Code   346  atan2.o(i.atan2)
    sqrt                                     0x080075d1   Thumb Code    76  sqrt.o(i.sqrt)
    __aeabi_d2f                              0x0800761d   Thumb Code     0  d2f.o(x$fpl$d2f)
    _d2f                                     0x0800761d   Thumb Code    98  d2f.o(x$fpl$d2f)
    __aeabi_dadd                             0x08007681   Thumb Code     0  daddsub_clz.o(x$fpl$dadd)
    _dadd                                    0x08007681   Thumb Code   332  daddsub_clz.o(x$fpl$dadd)
    __fpl_dcheck_NaN1                        0x080077d1   Thumb Code    10  dcheck1.o(x$fpl$dcheck1)
    __fpl_dcmp_Inf                           0x080077e1   Thumb Code    24  dcmpi.o(x$fpl$dcmpinf)
    __aeabi_ddiv                             0x080077f9   Thumb Code     0  ddiv.o(x$fpl$ddiv)
    _ddiv                                    0x080077f9   Thumb Code   552  ddiv.o(x$fpl$ddiv)
    __aeabi_d2iz                             0x08007aa9   Thumb Code     0  dfix.o(x$fpl$dfix)
    _dfix                                    0x08007aa9   Thumb Code    94  dfix.o(x$fpl$dfix)
    __aeabi_i2d                              0x08007b07   Thumb Code     0  dflt_clz.o(x$fpl$dflt)
    _dflt                                    0x08007b07   Thumb Code    46  dflt_clz.o(x$fpl$dflt)
    __aeabi_cdcmple                          0x08007b35   Thumb Code     0  dleqf.o(x$fpl$dleqf)
    _dcmple                                  0x08007b35   Thumb Code   120  dleqf.o(x$fpl$dleqf)
    __fpl_dcmple_InfNaN                      0x08007b97   Thumb Code     0  dleqf.o(x$fpl$dleqf)
    __aeabi_dmul                             0x08007bad   Thumb Code     0  dmul.o(x$fpl$dmul)
    _dmul                                    0x08007bad   Thumb Code   332  dmul.o(x$fpl$dmul)
    __fpl_dnaninf                            0x08007d01   Thumb Code   156  dnaninf.o(x$fpl$dnaninf)
    __fpl_dretinf                            0x08007d9d   Thumb Code    12  dretinf.o(x$fpl$dretinf)
    __aeabi_cdrcmple                         0x08007da9   Thumb Code     0  drleqf.o(x$fpl$drleqf)
    _drcmple                                 0x08007da9   Thumb Code   108  drleqf.o(x$fpl$drleqf)
    __aeabi_drsub                            0x08007e15   Thumb Code     0  daddsub_clz.o(x$fpl$drsb)
    _drsb                                    0x08007e15   Thumb Code    22  daddsub_clz.o(x$fpl$drsb)
    _dsqrt                                   0x08007e2d   Thumb Code   456  dsqrt_noumaal.o(x$fpl$dsqrt)
    __aeabi_dsub                             0x08007ff9   Thumb Code     0  daddsub_clz.o(x$fpl$dsub)
    _dsub                                    0x08007ff9   Thumb Code   464  daddsub_clz.o(x$fpl$dsub)
    __aeabi_f2d                              0x080081cd   Thumb Code     0  f2d.o(x$fpl$f2d)
    _f2d                                     0x080081cd   Thumb Code    86  f2d.o(x$fpl$f2d)
    __aeabi_fadd                             0x08008225   Thumb Code     0  faddsub_clz.o(x$fpl$fadd)
    _fadd                                    0x08008225   Thumb Code   196  faddsub_clz.o(x$fpl$fadd)
    __fpl_fcmp_Inf                           0x080082e9   Thumb Code    24  fcmpi.o(x$fpl$fcmpinf)
    __aeabi_fdiv                             0x08008301   Thumb Code     0  fdiv.o(x$fpl$fdiv)
    _fdiv                                    0x08008301   Thumb Code   384  fdiv.o(x$fpl$fdiv)
    __aeabi_cfcmpeq                          0x08008485   Thumb Code     0  feqf.o(x$fpl$feqf)
    _fcmpeq                                  0x08008485   Thumb Code   104  feqf.o(x$fpl$feqf)
    __aeabi_f2iz                             0x080084ed   Thumb Code     0  ffix.o(x$fpl$ffix)
    _ffix                                    0x080084ed   Thumb Code    54  ffix.o(x$fpl$ffix)
    __aeabi_f2uiz                            0x08008525   Thumb Code     0  ffixu.o(x$fpl$ffixu)
    _ffixu                                   0x08008525   Thumb Code    62  ffixu.o(x$fpl$ffixu)
    __aeabi_i2f                              0x08008565   Thumb Code     0  fflt_clz.o(x$fpl$fflt)
    _fflt                                    0x08008565   Thumb Code    48  fflt_clz.o(x$fpl$fflt)
    __aeabi_ui2f                             0x08008595   Thumb Code     0  fflt_clz.o(x$fpl$ffltu)
    _ffltu                                   0x08008595   Thumb Code    38  fflt_clz.o(x$fpl$ffltu)
    __aeabi_cfcmple                          0x080085bd   Thumb Code     0  fleqf.o(x$fpl$fleqf)
    _fcmple                                  0x080085bd   Thumb Code   104  fleqf.o(x$fpl$fleqf)
    __fpl_fcmple_InfNaN                      0x0800860f   Thumb Code     0  fleqf.o(x$fpl$fleqf)
    __aeabi_fmul                             0x08008625   Thumb Code     0  fmul.o(x$fpl$fmul)
    _fmul                                    0x08008625   Thumb Code   258  fmul.o(x$fpl$fmul)
    __fpl_fnaninf                            0x08008727   Thumb Code   140  fnaninf.o(x$fpl$fnaninf)
    __fpl_fretinf                            0x080087b3   Thumb Code    10  fretinf.o(x$fpl$fretinf)
    __aeabi_cfrcmple                         0x080087bd   Thumb Code     0  frleqf.o(x$fpl$frleqf)
    _frcmple                                 0x080087bd   Thumb Code    98  frleqf.o(x$fpl$frleqf)
    __aeabi_frsub                            0x0800881f   Thumb Code     0  faddsub_clz.o(x$fpl$frsb)
    _frsb                                    0x0800881f   Thumb Code    20  faddsub_clz.o(x$fpl$frsb)
    __aeabi_fsub                             0x08008835   Thumb Code     0  faddsub_clz.o(x$fpl$fsub)
    _fsub                                    0x08008835   Thumb Code   234  faddsub_clz.o(x$fpl$fsub)
    __fpl_return_NaN                         0x0800891f   Thumb Code   100  retnan.o(x$fpl$retnan)
    __ARM_scalbn                             0x08008983   Thumb Code    92  scalbn.o(x$fpl$scalbn)
    __fpl_cmpreturn                          0x080089df   Thumb Code    48  trapv.o(x$fpl$trapveneer)
    F6x8                                     0x08008a0e   Data         564  oled.o(.constdata)
    __I$use$fp                               0x08008a0e   Number         0  usenofp.o(x$fpl$usenofp)
    F8X16                                    0x08008c42   Data        1568  oled.o(.constdata)
    reg                                      0x08009264   Data          27  inv_mpu.o(.constdata)
    hw                                       0x08009280   Data          12  inv_mpu.o(.constdata)
    test                                     0x0800928c   Data          40  inv_mpu.o(.constdata)
    __mathlib_zero                           0x08009fd0   Data           8  qnan.o(.constdata)
    Region$$Table$$Base                      0x0800a028   Number         0  anon$$obj.o(Region$$Table)
    Region$$Table$$Limit                     0x0800a048   Number         0  anon$$obj.o(Region$$Table)
    Tarpitch                                 0x20000000   Data           4  main.o(.data)
    Tarroll                                  0x20000004   Data           4  main.o(.data)
    Initflag                                 0x20000008   Data           1  main.o(.data)
    SystemCoreClock                          0x2000000c   Data           4  system_stm32f10x.o(.data)
    AHBPrescTable                            0x20000010   Data          16  system_stm32f10x.o(.data)
    F16x16                                   0x20000021   Data         160  oled.o(.data)
    __stdout                                 0x20000100   Data           4  usart.o(.data)
    USART_RX_STA                             0x20000104   Data           2  usart.o(.data)
    Curpitch                                 0x20000108   Data           4  time5.o(.data)
    Curroll                                  0x2000010c   Data           4  time5.o(.data)
    RSencer                                  0x20000138   Data          40  pid.o(.bss)
    LSencer                                  0x20000160   Data          40  pid.o(.bss)
    USART_RX_BUF                             0x20000188   Data         200  usart.o(.bss)
    __libspace_start                         0x20000250   Data          96  libspace.o(.bss)
    __temporary_stack_top$libspace           0x200002b0   Data           0  libspace.o(.bss)



==============================================================================

Memory Map of the image

  Image Entry point : 0x08000131

  Load Region LR_IROM1 (Base: 0x08000000, Size: 0x0000a170, Max: 0x00040000, ABSOLUTE)

    Execution Region ER_IROM1 (Base: 0x08000000, Size: 0x0000a048, Max: 0x00040000, ABSOLUTE)

    Base Addr    Size         Type   Attr      Idx    E Section Name        Object

    0x08000000   0x00000130   Data   RO          483    RESET               startup_stm32f10x_hd.o
    0x08000130   0x00000008   Code   RO          619  * !!!main             c_w.l(__main.o)
    0x08000138   0x00000034   Code   RO          952    !!!scatter          c_w.l(__scatter.o)
    0x0800016c   0x0000001a   Code   RO          954    !!handler_copy      c_w.l(__scatter_copy.o)
    0x08000186   0x00000002   PAD
    0x08000188   0x0000001c   Code   RO          956    !!handler_zi        c_w.l(__scatter_zi.o)
    0x080001a4   0x00000000   Code   RO          612    .ARM.Collect$$_printf_percent$$00000000  c_w.l(_printf_percent.o)
    0x080001a4   0x00000006   Code   RO          611    .ARM.Collect$$_printf_percent$$00000009  c_w.l(_printf_d.o)
    0x080001aa   0x00000006   Code   RO          610    .ARM.Collect$$_printf_percent$$0000000C  c_w.l(_printf_x.o)
    0x080001b0   0x00000006   Code   RO          609    .ARM.Collect$$_printf_percent$$00000013  c_w.l(_printf_c.o)
    0x080001b6   0x00000004   Code   RO          714    .ARM.Collect$$_printf_percent$$00000017  c_w.l(_printf_percent_end.o)
    0x080001ba   0x00000002   Code   RO          821    .ARM.Collect$$libinit$$00000000  c_w.l(libinit.o)
    0x080001bc   0x00000000   Code   RO          831    .ARM.Collect$$libinit$$00000002  c_w.l(libinit2.o)
    0x080001bc   0x00000000   Code   RO          833    .ARM.Collect$$libinit$$00000004  c_w.l(libinit2.o)
    0x080001bc   0x00000000   Code   RO          836    .ARM.Collect$$libinit$$0000000A  c_w.l(libinit2.o)
    0x080001bc   0x00000000   Code   RO          838    .ARM.Collect$$libinit$$0000000C  c_w.l(libinit2.o)
    0x080001bc   0x00000000   Code   RO          840    .ARM.Collect$$libinit$$0000000E  c_w.l(libinit2.o)
    0x080001bc   0x00000000   Code   RO          843    .ARM.Collect$$libinit$$00000011  c_w.l(libinit2.o)
    0x080001bc   0x00000000   Code   RO          845    .ARM.Collect$$libinit$$00000013  c_w.l(libinit2.o)
    0x080001bc   0x00000000   Code   RO          847    .ARM.Collect$$libinit$$00000015  c_w.l(libinit2.o)
    0x080001bc   0x00000000   Code   RO          849    .ARM.Collect$$libinit$$00000017  c_w.l(libinit2.o)
    0x080001bc   0x00000000   Code   RO          851    .ARM.Collect$$libinit$$00000019  c_w.l(libinit2.o)
    0x080001bc   0x00000000   Code   RO          853    .ARM.Collect$$libinit$$0000001B  c_w.l(libinit2.o)
    0x080001bc   0x00000000   Code   RO          855    .ARM.Collect$$libinit$$0000001D  c_w.l(libinit2.o)
    0x080001bc   0x00000000   Code   RO          857    .ARM.Collect$$libinit$$0000001F  c_w.l(libinit2.o)
    0x080001bc   0x00000000   Code   RO          859    .ARM.Collect$$libinit$$00000021  c_w.l(libinit2.o)
    0x080001bc   0x00000000   Code   RO          861    .ARM.Collect$$libinit$$00000023  c_w.l(libinit2.o)
    0x080001bc   0x00000000   Code   RO          863    .ARM.Collect$$libinit$$00000025  c_w.l(libinit2.o)
    0x080001bc   0x00000000   Code   RO          867    .ARM.Collect$$libinit$$0000002C  c_w.l(libinit2.o)
    0x080001bc   0x00000000   Code   RO          869    .ARM.Collect$$libinit$$0000002E  c_w.l(libinit2.o)
    0x080001bc   0x00000000   Code   RO          871    .ARM.Collect$$libinit$$00000030  c_w.l(libinit2.o)
    0x080001bc   0x00000000   Code   RO          873    .ARM.Collect$$libinit$$00000032  c_w.l(libinit2.o)
    0x080001bc   0x00000002   Code   RO          874    .ARM.Collect$$libinit$$00000033  c_w.l(libinit2.o)
    0x080001be   0x00000002   Code   RO          904    .ARM.Collect$$libshutdown$$00000000  c_w.l(libshutdown.o)
    0x080001c0   0x00000000   Code   RO          918    .ARM.Collect$$libshutdown$$00000002  c_w.l(libshutdown2.o)
    0x080001c0   0x00000000   Code   RO          920    .ARM.Collect$$libshutdown$$00000004  c_w.l(libshutdown2.o)
    0x080001c0   0x00000000   Code   RO          923    .ARM.Collect$$libshutdown$$00000007  c_w.l(libshutdown2.o)
    0x080001c0   0x00000000   Code   RO          926    .ARM.Collect$$libshutdown$$0000000A  c_w.l(libshutdown2.o)
    0x080001c0   0x00000000   Code   RO          928    .ARM.Collect$$libshutdown$$0000000C  c_w.l(libshutdown2.o)
    0x080001c0   0x00000000   Code   RO          931    .ARM.Collect$$libshutdown$$0000000F  c_w.l(libshutdown2.o)
    0x080001c0   0x00000002   Code   RO          932    .ARM.Collect$$libshutdown$$00000010  c_w.l(libshutdown2.o)
    0x080001c2   0x00000000   Code   RO          703    .ARM.Collect$$rtentry$$00000000  c_w.l(__rtentry.o)
    0x080001c2   0x00000000   Code   RO          770    .ARM.Collect$$rtentry$$00000002  c_w.l(__rtentry2.o)
    0x080001c2   0x00000006   Code   RO          782    .ARM.Collect$$rtentry$$00000004  c_w.l(__rtentry4.o)
    0x080001c8   0x00000000   Code   RO          772    .ARM.Collect$$rtentry$$00000009  c_w.l(__rtentry2.o)
    0x080001c8   0x00000004   Code   RO          773    .ARM.Collect$$rtentry$$0000000A  c_w.l(__rtentry2.o)
    0x080001cc   0x00000000   Code   RO          775    .ARM.Collect$$rtentry$$0000000C  c_w.l(__rtentry2.o)
    0x080001cc   0x00000008   Code   RO          776    .ARM.Collect$$rtentry$$0000000D  c_w.l(__rtentry2.o)
    0x080001d4   0x00000002   Code   RO          824    .ARM.Collect$$rtexit$$00000000  c_w.l(rtexit.o)
    0x080001d6   0x00000000   Code   RO          878    .ARM.Collect$$rtexit$$00000002  c_w.l(rtexit2.o)
    0x080001d6   0x00000004   Code   RO          879    .ARM.Collect$$rtexit$$00000003  c_w.l(rtexit2.o)
    0x080001da   0x00000006   Code   RO          880    .ARM.Collect$$rtexit$$00000004  c_w.l(rtexit2.o)
    0x080001e0   0x00000170   Code   RO            1    .text               main.o
    0x08000350   0x0000001a   Code   RO          105    .text               stm32f10x_it.o
    0x0800036a   0x00000002   PAD
    0x0800036c   0x000001e0   Code   RO          152    .text               system_stm32f10x.o
    0x0800054c   0x00000034   Code   RO          170    .text               led.o
    0x08000580   0x00000154   Code   RO          205    .text               key.o
    0x080006d4   0x0000008c   Code   RO          224    .text               ste_motor.o
    0x08000760   0x00000714   Code   RO          239    .text               oled.o
    0x08000e74   0x000001b0   Code   RO          259    .text               motor.o
    0x08001024   0x00000254   Code   RO          274    .text               mcudatasend.o
    0x08001278   0x000003ac   Code   RO          293    .text               mpu6050.o
    0x08001624   0x0000024c   Code   RO          311    .text               mpuiic.o
    0x08001870   0x00002240   Code   RO          323    .text               inv_mpu.o
    0x08003ab0   0x00000d70   Code   RO          359    .text               inv_mpu_dmp_motion_driver.o
    0x08004820   0x00000224   Code   RO          384    .text               pid.o
    0x08004a44   0x000000d4   Code   RO          402    .text               delay.o
    0x08004b18   0x00000150   Code   RO          416    .text               usart.o
    0x08004c68   0x00000154   Code   RO          451    .text               time5.o
    0x08004dbc   0x00000040   Code   RO          484    .text               startup_stm32f10x_hd.o
    0x08004dfc   0x000000dc   Code   RO          488    .text               misc.o
    0x08004ed8   0x0000035c   Code   RO          500    .text               stm32f10x_gpio.o
    0x08005234   0x000003a4   Code   RO          512    .text               stm32f10x_rcc.o
    0x080055d8   0x00000e1a   Code   RO          526    .text               stm32f10x_tim.o
    0x080063f2   0x00000002   PAD
    0x080063f4   0x00000408   Code   RO          538    .text               stm32f10x_usart.o
    0x080067fc   0x00000002   Code   RO          552    .text               c_w.l(use_no_semi_2.o)
    0x080067fe   0x00000048   Code   RO          554    .text               c_w.l(llsdiv.o)
    0x08006846   0x00000002   PAD
    0x08006848   0x00000018   Code   RO          558    .text               c_w.l(noretval__2printf.o)
    0x08006860   0x0000004e   Code   RO          562    .text               c_w.l(_printf_pad.o)
    0x080068ae   0x00000052   Code   RO          564    .text               c_w.l(_printf_str.o)
    0x08006900   0x00000078   Code   RO          566    .text               c_w.l(_printf_dec.o)
    0x08006978   0x00000058   Code   RO          571    .text               c_w.l(_printf_hex_int.o)
    0x080069d0   0x00000138   Code   RO          601    .text               c_w.l(__printf_flags_wp.o)
    0x08006b08   0x00000058   Code   RO          613    .text               c_w.l(memcmp.o)
    0x08006b60   0x00000010   Code   RO          615    .text               c_w.l(aeabi_memset.o)
    0x08006b70   0x00000006   Code   RO          617    .text               c_w.l(heapauxi.o)
    0x08006b76   0x00000002   Code   RO          701    .text               c_w.l(use_no_semi.o)
    0x08006b78   0x000000ee   Code   RO          704    .text               c_w.l(lludivv7m.o)
    0x08006c66   0x00000016   Code   RO          706    .text               c_w.l(_rserrno.o)
    0x08006c7c   0x000000b2   Code   RO          708    .text               c_w.l(_printf_intcommon.o)
    0x08006d2e   0x0000002c   Code   RO          710    .text               c_w.l(_printf_char.o)
    0x08006d5a   0x00000002   PAD
    0x08006d5c   0x00000024   Code   RO          712    .text               c_w.l(_printf_char_file.o)
    0x08006d80   0x00000044   Code   RO          715    .text               c_w.l(rt_memclr.o)
    0x08006dc4   0x00000008   Code   RO          791    .text               c_w.l(rt_errno_addr_intlibspace.o)
    0x08006dcc   0x00000030   Code   RO          793    .text               c_w.l(_printf_char_common.o)
    0x08006dfc   0x00000008   Code   RO          795    .text               c_w.l(ferror.o)
    0x08006e04   0x0000004e   Code   RO          799    .text               c_w.l(rt_memclr_w.o)
    0x08006e52   0x00000002   PAD
    0x08006e54   0x00000008   Code   RO          805    .text               c_w.l(libspace.o)
    0x08006e5c   0x0000004a   Code   RO          808    .text               c_w.l(sys_stackheap_outer.o)
    0x08006ea6   0x00000012   Code   RO          814    .text               c_w.l(exit.o)
    0x08006eb8   0x00000028   Code   RO          756    i.__ARM_fpclassify  m_ws.l(fpclassify.o)
    0x08006ee0   0x000000aa   Code   RO          758    i.__kernel_poly     m_ws.l(poly.o)
    0x08006f8a   0x00000006   Code   RO          743    i.__mathlib_dbl_infnan  m_ws.l(dunder.o)
    0x08006f90   0x00000004   Code   RO          744    i.__mathlib_dbl_infnan2  m_ws.l(dunder.o)
    0x08006f94   0x0000000c   Code   RO          745    i.__mathlib_dbl_invalid  m_ws.l(dunder.o)
    0x08006fa0   0x00000010   Code   RO          748    i.__mathlib_dbl_underflow  m_ws.l(dunder.o)
    0x08006fb0   0x0000000e   Code   RO          599    i._is_digit         c_w.l(__printf_wp.o)
    0x08006fbe   0x00000002   PAD
    0x08006fc0   0x00000270   Code   RO          684    i.asin              m_ws.l(asin.o)
    0x08007230   0x00000220   Code   RO          733    i.atan              m_ws.l(atan.o)
    0x08007450   0x00000180   Code   RO          694    i.atan2             m_ws.l(atan2.o)
    0x080075d0   0x0000004c   Code   RO          762    i.sqrt              m_ws.l(sqrt.o)
    0x0800761c   0x00000062   Code   RO          621    x$fpl$d2f           fz_ws.l(d2f.o)
    0x0800767e   0x00000002   PAD
    0x08007680   0x00000150   Code   RO          623    x$fpl$dadd          fz_ws.l(daddsub_clz.o)
    0x080077d0   0x00000010   Code   RO          801    x$fpl$dcheck1       fz_ws.l(dcheck1.o)
    0x080077e0   0x00000018   Code   RO          717    x$fpl$dcmpinf       fz_ws.l(dcmpi.o)
    0x080077f8   0x000002b0   Code   RO          630    x$fpl$ddiv          fz_ws.l(ddiv.o)
    0x08007aa8   0x0000005e   Code   RO          633    x$fpl$dfix          fz_ws.l(dfix.o)
    0x08007b06   0x0000002e   Code   RO          638    x$fpl$dflt          fz_ws.l(dflt_clz.o)
    0x08007b34   0x00000078   Code   RO          643    x$fpl$dleqf         fz_ws.l(dleqf.o)
    0x08007bac   0x00000154   Code   RO          645    x$fpl$dmul          fz_ws.l(dmul.o)
    0x08007d00   0x0000009c   Code   RO          719    x$fpl$dnaninf       fz_ws.l(dnaninf.o)
    0x08007d9c   0x0000000c   Code   RO          721    x$fpl$dretinf       fz_ws.l(dretinf.o)
    0x08007da8   0x0000006c   Code   RO          647    x$fpl$drleqf        fz_ws.l(drleqf.o)
    0x08007e14   0x00000016   Code   RO          624    x$fpl$drsb          fz_ws.l(daddsub_clz.o)
    0x08007e2a   0x00000002   PAD
    0x08007e2c   0x000001cc   Code   RO          803    x$fpl$dsqrt         fz_ws.l(dsqrt_noumaal.o)
    0x08007ff8   0x000001d4   Code   RO          625    x$fpl$dsub          fz_ws.l(daddsub_clz.o)
    0x080081cc   0x00000056   Code   RO          649    x$fpl$f2d           fz_ws.l(f2d.o)
    0x08008222   0x00000002   PAD
    0x08008224   0x000000c4   Code   RO          651    x$fpl$fadd          fz_ws.l(faddsub_clz.o)
    0x080082e8   0x00000018   Code   RO          723    x$fpl$fcmpinf       fz_ws.l(fcmpi.o)
    0x08008300   0x00000184   Code   RO          658    x$fpl$fdiv          fz_ws.l(fdiv.o)
    0x08008484   0x00000068   Code   RO          661    x$fpl$feqf          fz_ws.l(feqf.o)
    0x080084ec   0x00000036   Code   RO          663    x$fpl$ffix          fz_ws.l(ffix.o)
    0x08008522   0x00000002   PAD
    0x08008524   0x0000003e   Code   RO          667    x$fpl$ffixu         fz_ws.l(ffixu.o)
    0x08008562   0x00000002   PAD
    0x08008564   0x00000030   Code   RO          672    x$fpl$fflt          fz_ws.l(fflt_clz.o)
    0x08008594   0x00000026   Code   RO          671    x$fpl$ffltu         fz_ws.l(fflt_clz.o)
    0x080085ba   0x00000002   PAD
    0x080085bc   0x00000068   Code   RO          677    x$fpl$fleqf         fz_ws.l(fleqf.o)
    0x08008624   0x00000102   Code   RO          679    x$fpl$fmul          fz_ws.l(fmul.o)
    0x08008726   0x0000008c   Code   RO          725    x$fpl$fnaninf       fz_ws.l(fnaninf.o)
    0x080087b2   0x0000000a   Code   RO          727    x$fpl$fretinf       fz_ws.l(fretinf.o)
    0x080087bc   0x00000062   Code   RO          681    x$fpl$frleqf        fz_ws.l(frleqf.o)
    0x0800881e   0x00000014   Code   RO          652    x$fpl$frsb          fz_ws.l(faddsub_clz.o)
    0x08008832   0x00000002   PAD
    0x08008834   0x000000ea   Code   RO          653    x$fpl$fsub          fz_ws.l(faddsub_clz.o)
    0x0800891e   0x00000064   Code   RO          822    x$fpl$retnan        fz_ws.l(retnan.o)
    0x08008982   0x0000005c   Code   RO          729    x$fpl$scalbn        fz_ws.l(scalbn.o)
    0x080089de   0x00000030   Code   RO          875    x$fpl$trapveneer    fz_ws.l(trapv.o)
    0x08008a0e   0x00000000   Code   RO          731    x$fpl$usenofp       fz_ws.l(usenofp.o)
    0x08008a0e   0x00000854   Data   RO          240    .constdata          oled.o
    0x08009262   0x00000002   PAD
    0x08009264   0x00000050   Data   RO          324    .constdata          inv_mpu.o
    0x080092b4   0x00000bf6   Data   RO          361    .constdata          inv_mpu_dmp_motion_driver.o
    0x08009eaa   0x00000028   Data   RO          572    .constdata          c_w.l(_printf_hex_int.o)
    0x08009ed2   0x00000011   Data   RO          602    .constdata          c_w.l(__printf_flags_wp.o)
    0x08009ee3   0x00000005   PAD
    0x08009ee8   0x00000050   Data   RO          685    .constdata          m_ws.l(asin.o)
    0x08009f38   0x00000098   Data   RO          734    .constdata          m_ws.l(atan.o)
    0x08009fd0   0x00000008   Data   RO          760    .constdata          m_ws.l(qnan.o)
    0x08009fd8   0x0000004d   Data   RO          325    .conststring        inv_mpu.o
    0x0800a025   0x00000003   PAD
    0x0800a028   0x00000020   Data   RO          950    Region$$Table       anon$$obj.o


    Execution Region RW_IRAM1 (Base: 0x20000000, Size: 0x000008b0, Max: 0x0000c000, ABSOLUTE)

    Base Addr    Size         Type   Attr      Idx    E Section Name        Object

    0x20000000   0x00000009   Data   RW            2    .data               main.o
    0x20000009   0x00000003   PAD
    0x2000000c   0x00000014   Data   RW          153    .data               system_stm32f10x.o
    0x20000020   0x00000001   Data   RW          206    .data               key.o
    0x20000021   0x000000a0   Data   RW          241    .data               oled.o
    0x200000c1   0x00000003   PAD
    0x200000c4   0x00000035   Data   RW          326    .data               inv_mpu.o
    0x200000f9   0x00000001   PAD
    0x200000fa   0x00000004   Data   RW          403    .data               delay.o
    0x200000fe   0x00000002   PAD
    0x20000100   0x00000006   Data   RW          418    .data               usart.o
    0x20000106   0x00000002   PAD
    0x20000108   0x0000000c   Data   RW          452    .data               time5.o
    0x20000114   0x00000014   Data   RW          513    .data               stm32f10x_rcc.o
    0x20000128   0x00000010   Zero   RW          360    .bss                inv_mpu_dmp_motion_driver.o
    0x20000138   0x00000050   Zero   RW          385    .bss                pid.o
    0x20000188   0x000000c8   Zero   RW          417    .bss                usart.o
    0x20000250   0x00000060   Zero   RW          806    .bss                c_w.l(libspace.o)
    0x200002b0   0x00000200   Zero   RW          482    HEAP                startup_stm32f10x_hd.o
    0x200004b0   0x00000400   Zero   RW          481    STACK               startup_stm32f10x_hd.o


==============================================================================

Image component sizes


      Code (inc. data)   RO Data    RW Data    ZI Data      Debug   Object Name

         0          0          0          0          0         32   core_cm3.o
       212         18          0          4          0       1099   delay.o
      8768        204        157         53          0      24089   inv_mpu.o
      3440        126       3062          0         16      15527   inv_mpu_dmp_motion_driver.o
       340         14          0          1          0        912   key.o
        52          6          0          0          0     205343   led.o
       368         66          0          9          0     230615   main.o
       596         10          0          0          0       1532   mcudatasend.o
       220         22          0          0          0       1857   misc.o
       432         24          0          0          0       2042   motor.o
       940         28          0          0          0       4515   mpu6050.o
       588         14          0          0          0       2090   mpuiic.o
      1812         50       2132        160          0       5935   oled.o
       548         16          0          0         80       2810   pid.o
        64         26        304          0       1536        820   startup_stm32f10x_hd.o
       140         10          0          0          0        776   ste_motor.o
       860         38          0          0          0       5793   stm32f10x_gpio.o
        26          0          0          0          0      44834   stm32f10x_it.o
       932         36          0         20          0       9004   stm32f10x_rcc.o
      3610         88          0          0          0      22900   stm32f10x_tim.o
      1032         22          0          0          0       8516   stm32f10x_usart.o
       480         38          0         20          0       1827   system_stm32f10x.o
       340         24          0         12          0       1259   time5.o
       336         18          0          6        200       3270   usart.o

    ----------------------------------------------------------------------
     26140        898       5692        296       1832     597397   Object Totals
         0          0         32          0          0          0   (incl. Generated)
         4          0          5         11          0          0   (incl. Padding)

    ----------------------------------------------------------------------

      Code (inc. data)   RO Data    RW Data    ZI Data      Debug   Library Member Name

         8          0          0          0          0         68   __main.o
       312          4         17          0          0         92   __printf_flags_wp.o
        14          0          0          0          0         68   __printf_wp.o
         0          0          0          0          0          0   __rtentry.o
        12          0          0          0          0          0   __rtentry2.o
         6          0          0          0          0          0   __rtentry4.o
        52          8          0          0          0          0   __scatter.o
        26          0          0          0          0          0   __scatter_copy.o
        28          0          0          0          0          0   __scatter_zi.o
         6          0          0          0          0          0   _printf_c.o
        44          0          0          0          0        108   _printf_char.o
        48          6          0          0          0         96   _printf_char_common.o
        36          4          0          0          0         80   _printf_char_file.o
         6          0          0          0          0          0   _printf_d.o
       120         16          0          0          0         92   _printf_dec.o
        88          4         40          0          0         88   _printf_hex_int.o
       178          0          0          0          0         88   _printf_intcommon.o
        78          0          0          0          0        108   _printf_pad.o
         0          0          0          0          0          0   _printf_percent.o
         4          0          0          0          0          0   _printf_percent_end.o
        82          0          0          0          0         80   _printf_str.o
         6          0          0          0          0          0   _printf_x.o
        22          0          0          0          0        100   _rserrno.o
        16          0          0          0          0         68   aeabi_memset.o
        18          0          0          0          0         80   exit.o
         8          0          0          0          0         68   ferror.o
         6          0          0          0          0        152   heapauxi.o
         2          0          0          0          0          0   libinit.o
         2          0          0          0          0          0   libinit2.o
         2          0          0          0          0          0   libshutdown.o
         2          0          0          0          0          0   libshutdown2.o
         8          4          0          0         96         68   libspace.o
        72          0          0          0          0         76   llsdiv.o
       238          0          0          0          0        100   lludivv7m.o
        88          0          0          0          0         76   memcmp.o
        24          4          0          0          0         84   noretval__2printf.o
         8          4          0          0          0         68   rt_errno_addr_intlibspace.o
        68          0          0          0          0         68   rt_memclr.o
        78          0          0          0          0         80   rt_memclr_w.o
         2          0          0          0          0          0   rtexit.o
        10          0          0          0          0          0   rtexit2.o
        74          0          0          0          0         80   sys_stackheap_outer.o
         2          0          0          0          0         68   use_no_semi.o
         2          0          0          0          0         68   use_no_semi_2.o
        98          4          0          0          0         92   d2f.o
       826         16          0          0          0        348   daddsub_clz.o
        16          4          0          0          0         68   dcheck1.o
        24          0          0          0          0         68   dcmpi.o
       688        140          0          0          0        208   ddiv.o
        94          4          0          0          0         92   dfix.o
        46          0          0          0          0         68   dflt_clz.o
       120          4          0          0          0         92   dleqf.o
       340         12          0          0          0        104   dmul.o
       156          4          0          0          0         92   dnaninf.o
        12          0          0          0          0         68   dretinf.o
       108          0          0          0          0         80   drleqf.o
       460         56          0          0          0        120   dsqrt_noumaal.o
        86          4          0          0          0         84   f2d.o
       450          8          0          0          0        236   faddsub_clz.o
        24          0          0          0          0         68   fcmpi.o
       388         76          0          0          0         96   fdiv.o
       104          4          0          0          0         84   feqf.o
        54          4          0          0          0         84   ffix.o
        62          4          0          0          0         84   ffixu.o
        86          0          0          0          0        136   fflt_clz.o
       104          4          0          0          0         84   fleqf.o
       258          4          0          0          0         84   fmul.o
       140          4          0          0          0         84   fnaninf.o
        10          0          0          0          0         68   fretinf.o
        98          0          0          0          0         68   frleqf.o
       100          0          0          0          0         68   retnan.o
        92          0          0          0          0         68   scalbn.o
        48          0          0          0          0         68   trapv.o
         0          0          0          0          0          0   usenofp.o
       624         52         80          0          0        168   asin.o
       544         70        152          0          0        124   atan.o
       384         38          0          0          0        144   atan2.o
        38          6          0          0          0        272   dunder.o
        40          0          0          0          0         68   fpclassify.o
       170          0          0          0          0         96   poly.o
         0          0          8          0          0          0   qnan.o
        76          0          0          0          0         84   sqrt.o

    ----------------------------------------------------------------------
      8898        576        302          0         96       6192   Library Totals
        24          0          5          0          0          0   (incl. Padding)

    ----------------------------------------------------------------------

      Code (inc. data)   RO Data    RW Data    ZI Data      Debug   Library Name

      1906         54         57          0         96       2272   c_w.l
      5092        356          0          0          0       2964   fz_ws.l
      1876        166        240          0          0        956   m_ws.l

    ----------------------------------------------------------------------
      8898        576        302          0         96       6192   Library Totals

    ----------------------------------------------------------------------

==============================================================================


      Code (inc. data)   RO Data    RW Data    ZI Data      Debug   

     35038       1474       5994        296       1928     598281   Grand Totals
     35038       1474       5994        296       1928     598281   ELF Image Totals
     35038       1474       5994        296          0          0   ROM Totals

==============================================================================

    Total RO  Size (Code + RO Data)                41032 (  40.07kB)
    Total RW  Size (RW Data + ZI Data)              2224 (   2.17kB)
    Total ROM Size (Code + RO Data + RW Data)      41328 (  40.36kB)

==============================================================================

