<html>
<body>
<pre>
<h1>礦ision Build Log</h1>
<h2>Project:</h2>
E:\平衡小车视频教程\平衡小车原创资料文档\电机双环控制教程\【平衡小车之家】电机PID速度位置闭环控制代码及教程\电机位置闭环控制（代码详细注释）\USER\Minibalance.uvproj
Project File Date:  10/28/2015

<h2>Output:</h2>
Build target 'Target 1'
compiling control.c...
linking...
Program Size: Code=4636 RO-data=268 RW-data=52 ZI-data=1636  
FromELF: creating hex file...
"..\OBJ\Minibalance.axf" - 0 Error(s), 0 Warning(s).
</pre>
</body>
</html>
ing and 1 error messages.
"..\OBJ\Minibalance.axf" - 1 Error(s), 0 Warning(s).
Target not created
